PBLPkg.c:25:6:PBLPkg_OMInitializer_Init	8	static
PBLPkg.c:30:6:PBLPkg_OMInitializer_Cleanup	4	static
PBLPkg.c:33:6:PBLPkg_initRelations	8	static
PBLPkg.c:42:12:PBLPkg_startBehavior	16	static
PBLPkg.c:58:6:evReceivedCAN_Init	16	static
PBLPkg.c:63:6:evReceivedCAN_Cleanup	16	static
PBLPkg.c:68:17:RiC_Create_evReceivedCAN	16	static
PBLPkg.c:77:6:RiC_Destroy_evReceivedCAN	16	static
PBLPkg.c:88:6:evReceiveMsg_Init	16	static
PBLPkg.c:93:6:evReceiveMsg_Cleanup	16	static
PBLPkg.c:98:16:RiC_Create_evReceiveMsg	16	static
PBLPkg.c:107:6:RiC_Destroy_evReceiveMsg	16	static
PBLPkg.c:118:6:evStart_Init	16	static
PBLPkg.c:123:6:evStart_Cleanup	16	static
PBLPkg.c:128:11:RiC_Create_evStart	16	static
PBLPkg.c:137:6:RiC_Destroy_evStart	16	static
PBLPkg.c:148:6:evStartWiFi_Init	16	static
PBLPkg.c:153:6:evStartWiFi_Cleanup	16	static
PBLPkg.c:158:15:RiC_Create_evStartWiFi	16	static
PBLPkg.c:167:6:RiC_Destroy_evStartWiFi	16	static
