Archive member included to satisfy reference by file (symbol)

C:\Rhapsody\V60_RiC_InterruptDrivenFramework\idf\Arm_Cortex\oxf\libidf.a(RiCEvent.o)
                              Core/Src/Rhapsody/PBLPkg.o (RiCEvent_cleanup)
C:\Rhapsody\V60_RiC_InterruptDrivenFramework\idf\Arm_Cortex\oxf\libidf.a(RiCReactive.o)
                              Core/Src/Rhapsody/CANtranscevier.o (RiCReactive_cleanup)
C:\Rhapsody\V60_RiC_InterruptDrivenFramework\idf\Arm_Cortex\oxf\libidf.a(RiCStartBehaviorEvent.o)
                              C:\Rhapsody\V60_RiC_InterruptDrivenFramework\idf\Arm_Cortex\oxf\libidf.a(RiCReactive.o) (RiCStartBehaviorEvent_init)
C:\Rhapsody\V60_RiC_InterruptDrivenFramework\idf\Arm_Cortex\oxf\libidf.a(RiCTask.o)
                              C:\Rhapsody\V60_RiC_InterruptDrivenFramework\idf\Arm_Cortex\oxf\libidf.a(RiCReactive.o) (RiCTask_cancelEvents)
C:\Rhapsody\V60_RiC_InterruptDrivenFramework\idf\Arm_Cortex\oxf\libidf.a(RiCEvtQueue.o)
                              C:\Rhapsody\V60_RiC_InterruptDrivenFramework\idf\Arm_Cortex\oxf\libidf.a(RiCTask.o) (RiCEvtQueue_Init)
C:\Rhapsody\V60_RiC_InterruptDrivenFramework\idf\Arm_Cortex\oxf\libidf.a(MemAlloc.o)
                              Core/Src/Rhapsody/PBLPkg.o (RiCAllocator_getMemory)
C:\Rhapsody\V60_RiC_InterruptDrivenFramework\idf\Arm_Cortex\oxf\libidf.a(RiC_RPkg.o)
                              Core/Src/Rhapsody/PBLPkg.o (RiCMainTask)
C:\Rhapsody\V60_RiC_InterruptDrivenFramework\idf\Arm_Cortex\oxf\libidf.a(RiC_IdfP.o)
                              C:\Rhapsody\V60_RiC_InterruptDrivenFramework\idf\Arm_Cortex\oxf\libidf.a(RiCEvtQueue.o) (RiCEnterCriticalRegion)
C:\Rhapsody\V60_RiC_InterruptDrivenFramework\idf\Arm_Cortex\oxf\libidf.a(RiCTmManager.o)
                              C:\Rhapsody\V60_RiC_InterruptDrivenFramework\idf\Arm_Cortex\oxf\libidf.a(RiC_RPkg.o) (RiCTmManager_Init)
C:\Rhapsody\V60_RiC_InterruptDrivenFramework\idf\Arm_Cortex\oxf\libidf.a(RiCErrorManager.o)
                              C:\Rhapsody\V60_RiC_InterruptDrivenFramework\idf\Arm_Cortex\oxf\libidf.a(RiC_RPkg.o) (RiCErrorManager_Init)
C:\Rhapsody\V60_RiC_InterruptDrivenFramework\idf\Arm_Cortex\oxf\libidf.a(theMainTask.o)
                              C:\Rhapsody\V60_RiC_InterruptDrivenFramework\idf\Arm_Cortex\oxf\libidf.a(RiC_RPkg.o) (theMainTask_Init)
C:\Rhapsody\V60_RiC_InterruptDrivenFramework\idf\Arm_Cortex\oxf\libidf.a(RiCTimeout.o)
                              C:\Rhapsody\V60_RiC_InterruptDrivenFramework\idf\Arm_Cortex\oxf\libidf.a(RiCTmManager.o) (RiCTimeout_isExpired)
c:/st/stm32cubeide_1.4.0/stm32cubeide/plugins/com.st.stm32cube.ide.mcu.externaltools.gnu-tools-for-stm32.7-2018-q2-update.win32_1.4.0.202007081208/tools/bin/../lib/gcc/arm-none-eabi/7.3.1/../../../../arm-none-eabi/lib/thumb/v7e-m/fpv4-sp/hard\libc_nano.a(lib_a-assert.o)
                              C:\Rhapsody\V60_RiC_InterruptDrivenFramework\idf\Arm_Cortex\oxf\libidf.a(RiCEvent.o) (__assert_func)
c:/st/stm32cubeide_1.4.0/stm32cubeide/plugins/com.st.stm32cube.ide.mcu.externaltools.gnu-tools-for-stm32.7-2018-q2-update.win32_1.4.0.202007081208/tools/bin/../lib/gcc/arm-none-eabi/7.3.1/../../../../arm-none-eabi/lib/thumb/v7e-m/fpv4-sp/hard\libc_nano.a(lib_a-errno.o)
                              Core/Src/syscalls.o (__errno)
c:/st/stm32cubeide_1.4.0/stm32cubeide/plugins/com.st.stm32cube.ide.mcu.externaltools.gnu-tools-for-stm32.7-2018-q2-update.win32_1.4.0.202007081208/tools/bin/../lib/gcc/arm-none-eabi/7.3.1/../../../../arm-none-eabi/lib/thumb/v7e-m/fpv4-sp/hard\libc_nano.a(lib_a-exit.o)
                              c:/st/stm32cubeide_1.4.0/stm32cubeide/plugins/com.st.stm32cube.ide.mcu.externaltools.gnu-tools-for-stm32.7-2018-q2-update.win32_1.4.0.202007081208/tools/bin/../lib/gcc/arm-none-eabi/7.3.1/../../../../arm-none-eabi/lib/thumb/v7e-m/fpv4-sp/hard/crt0.o (exit)
c:/st/stm32cubeide_1.4.0/stm32cubeide/plugins/com.st.stm32cube.ide.mcu.externaltools.gnu-tools-for-stm32.7-2018-q2-update.win32_1.4.0.202007081208/tools/bin/../lib/gcc/arm-none-eabi/7.3.1/../../../../arm-none-eabi/lib/thumb/v7e-m/fpv4-sp/hard\libc_nano.a(lib_a-fprintf.o)
                              c:/st/stm32cubeide_1.4.0/stm32cubeide/plugins/com.st.stm32cube.ide.mcu.externaltools.gnu-tools-for-stm32.7-2018-q2-update.win32_1.4.0.202007081208/tools/bin/../lib/gcc/arm-none-eabi/7.3.1/../../../../arm-none-eabi/lib/thumb/v7e-m/fpv4-sp/hard\libc_nano.a(lib_a-assert.o) (fiprintf)
c:/st/stm32cubeide_1.4.0/stm32cubeide/plugins/com.st.stm32cube.ide.mcu.externaltools.gnu-tools-for-stm32.7-2018-q2-update.win32_1.4.0.202007081208/tools/bin/../lib/gcc/arm-none-eabi/7.3.1/../../../../arm-none-eabi/lib/thumb/v7e-m/fpv4-sp/hard\libc_nano.a(lib_a-impure.o)
[...]
Memory Configuration

Name             Origin             Length             Attributes
CCMRAM           0x0000000010000000 0x0000000000010000 xrw
RAM              0x0000000020000000 0x0000000000020000 xrw
FLASH            0x0000000008000000 0x0000000000100000 xr
*default*        0x0000000000000000 0xffffffffffffffff

Linker script and memory map

LOAD c:/st/stm32cubeide_1.4.0/stm32cubeide/plugins/com.st.stm32cube.ide.mcu.externaltools.gnu-tools-for-stm32.7-2018-q2-update.win32_1.4.0.202007081208/tools/bin/../lib/gcc/arm-none-eabi/7.3.1/thumb/v7e-m/fpv4-sp/hard/crti.o
LOAD c:/st/stm32cubeide_1.4.0/stm32cubeide/plugins/com.st.stm32cube.ide.mcu.externaltools.gnu-tools-for-stm32.7-2018-q2-update.win32_1.4.0.202007081208/tools/bin/../lib/gcc/arm-none-eabi/7.3.1/thumb/v7e-m/fpv4-sp/hard/crtbegin.o
LOAD c:/st/stm32cubeide_1.4.0/stm32cubeide/plugins/com.st.stm32cube.ide.mcu.externaltools.gnu-tools-for-stm32.7-2018-q2-update.win32_1.4.0.202007081208/tools/bin/../lib/gcc/arm-none-eabi/7.3.1/../../../../arm-none-eabi/lib/thumb/v7e-m/fpv4-sp/hard/crt0.o
LOAD Core/Src/CANSPI.o
LOAD Core/Src/MCP2515.o
LOAD Core/Src/main.o
LOAD Core/Src/stm32f4xx_hal_msp.o
LOAD Core/Src/stm32f4xx_it.o
LOAD Core/Src/syscalls.o
LOAD Core/Src/sysmem.o
LOAD Core/Src/system_stm32f4xx.o
LOAD Core/Src/wifi_ubidots.o
LOAD Core/Src/Rhapsody/CANtranscevier.o
LOAD Core/Src/Rhapsody/MainDefaultComponent.o
LOAD Core/Src/Rhapsody/Monitor.o
LOAD Core/Src/Rhapsody/PBLPkg.o
LOAD Core/Src/Rhapsody/Ubidots.o
LOAD Core/Startup/startup_stm32f407vgtx.o
LOAD Drivers/STM32F4xx_HAL_Driver/Src/stm32f4xx_hal.o
LOAD Drivers/STM32F4xx_HAL_Driver/Src/stm32f4xx_hal_cortex.o
LOAD Drivers/STM32F4xx_HAL_Driver/Src/stm32f4xx_hal_dma.o
LOAD Drivers/STM32F4xx_HAL_Driver/Src/stm32f4xx_hal_dma_ex.o
LOAD Drivers/STM32F4xx_HAL_Driver/Src/stm32f4xx_hal_exti.o
LOAD Drivers/STM32F4xx_HAL_Driver/Src/stm32f4xx_hal_flash.o
LOAD Drivers/STM32F4xx_HAL_Driver/Src/stm32f4xx_hal_flash_ex.o
LOAD Drivers/STM32F4xx_HAL_Driver/Src/stm32f4xx_hal_flash_ramfunc.o
LOAD Drivers/STM32F4xx_HAL_Driver/Src/stm32f4xx_hal_gpio.o
LOAD Drivers/STM32F4xx_HAL_Driver/Src/stm32f4xx_hal_hcd.o
LOAD Drivers/STM32F4xx_HAL_Driver/Src/stm32f4xx_hal_i2c.o
LOAD Drivers/STM32F4xx_HAL_Driver/Src/stm32f4xx_hal_i2c_ex.o
LOAD Drivers/STM32F4xx_HAL_Driver/Src/stm32f4xx_hal_i2s.o
LOAD Drivers/STM32F4xx_HAL_Driver/Src/stm32f4xx_hal_i2s_ex.o
LOAD Drivers/STM32F4xx_HAL_Driver/Src/stm32f4xx_hal_pwr.o
LOAD Drivers/STM32F4xx_HAL_Driver/Src/stm32f4xx_hal_pwr_ex.o
LOAD Drivers/STM32F4xx_HAL_Driver/Src/stm32f4xx_hal_rcc.o
LOAD Drivers/STM32F4xx_HAL_Driver/Src/stm32f4xx_hal_rcc_ex.o
LOAD Drivers/STM32F4xx_HAL_Driver/Src/stm32f4xx_hal_spi.o
LOAD Drivers/STM32F4xx_HAL_Driver/Src/stm32f4xx_hal_tim.o
LOAD Drivers/STM32F4xx_HAL_Driver/Src/stm32f4xx_hal_tim_ex.o
LOAD Drivers/STM32F4xx_HAL_Driver/Src/stm32f4xx_hal_uart.o
LOAD Drivers/STM32F4xx_HAL_Driver/Src/stm32f4xx_ll_usb.o
LOAD Middlewares/ST/STM32_USB_Host_Library/Class/CDC/Src/usbh_cdc.o
LOAD Middlewares/ST/STM32_USB_Host_Library/Core/Src/usbh_core.o
LOAD Middlewares/ST/STM32_USB_Host_Library/Core/Src/usbh_ctlreq.o
LOAD Middlewares/ST/STM32_USB_Host_Library/Core/Src/usbh_ioreq.o
LOAD Middlewares/ST/STM32_USB_Host_Library/Core/Src/usbh_pipes.o
LOAD USB_HOST/App/usb_host.o
LOAD USB_HOST/Target/usbh_conf.o
LOAD USB_HOST/Target/usbh_platform.o
LOAD C:\Rhapsody\V60_RiC_InterruptDrivenFramework\idf\Arm_Cortex\oxf\libidf.a
START GROUP
LOAD c:/st/stm32cubeide_1.4.0/stm32cubeide/plugins/com.st.stm32cube.ide.mcu.externaltools.gnu-tools-for-stm32.7-2018-q2-update.win32_1.4.0.202007081208/tools/bin/../lib/gcc/arm-none-eabi/7.3.1/../../../../arm-none-eabi/lib/thumb/v7e-m/fpv4-sp/hard\libc_nano.a
LOAD c:/st/stm32cubeide_1.4.0/stm32cubeide/plugins/com.st.stm32cube.ide.mcu.externaltools.gnu-tools-for-stm32.7-2018-q2-update.win32_1.4.0.202007081208/tools/bin/../lib/gcc/arm-none-eabi/7.3.1/../../../../arm-none-eabi/lib/thumb/v7e-m/fpv4-sp/hard\libm.a
END GROUP
START GROUP
LOAD c:/st/stm32cubeide_1.4.0/stm32cubeide/plugins/com.st.stm32cube.ide.mcu.externaltools.gnu-tools-for-stm32.7-2018-q2-update.win32_1.4.0.202007081208/tools/bin/../lib/gcc/arm-none-eabi/7.3.1/thumb/v7e-m/fpv4-sp/hard\libgcc.a
LOAD c:/st/stm32cubeide_1.4.0/stm32cubeide/plugins/com.st.stm32cube.ide.mcu.externaltools.gnu-tools-for-stm32.7-2018-q2-update.win32_1.4.0.202007081208/tools/bin/../lib/gcc/arm-none-eabi/7.3.1/../../../../arm-none-eabi/lib/thumb/v7e-m/fpv4-sp/hard\libc_nano.a
END GROUP
START GROUP
LOAD c:/st/stm32cubeide_1.4.0/stm32cubeide/plugins/com.st.stm32cube.ide.mcu.externaltools.gnu-tools-for-stm32.7-2018-q2-update.win32_1.4.0.202007081208/tools/bin/../lib/gcc/arm-none-eabi/7.3.1/thumb/v7e-m/fpv4-sp/hard\libgcc.a
LOAD c:/st/stm32cubeide_1.4.0/stm32cubeide/plugins/com.st.stm32cube.ide.mcu.externaltools.gnu-tools-for-stm32.7-2018-q2-update.win32_1.4.0.202007081208/tools/bin/../lib/gcc/arm-none-eabi/7.3.1/../../../../arm-none-eabi/lib/thumb/v7e-m/fpv4-sp/hard\libc_nano.a
LOAD c:/st/stm32cubeide_1.4.0/stm32cubeide/plugins/com.st.stm32cube.ide.mcu.externaltools.gnu-tools-for-stm32.7-2018-q2-update.win32_1.4.0.202007081208/tools/bin/../lib/gcc/arm-none-eabi/7.3.1/../../../../arm-none-eabi/lib/thumb/v7e-m/fpv4-sp/hard\libnosys.a
END GROUP
START GROUP
LOAD c:/st/stm32cubeide_1.4.0/stm32cubeide/plugins/com.st.stm32cube.ide.mcu.externaltools.gnu-tools-for-stm32.7-2018-q2-update.win32_1.4.0.202007081208/tools/bin/../lib/gcc/arm-none-eabi/7.3.1/thumb/v7e-m/fpv4-sp/hard\libgcc.a
LOAD c:/st/stm32cubeide_1.4.0/stm32cubeide/plugins/com.st.stm32cube.ide.mcu.externaltools.gnu-tools-for-stm32.7-2018-q2-update.win32_1.4.0.202007081208/tools/bin/../lib/gcc/arm-none-eabi/7.3.1/../../../../arm-none-eabi/lib/thumb/v7e-m/fpv4-sp/hard\libc_nano.a
LOAD c:/st/stm32cubeide_1.4.0/stm32cubeide/plugins/com.st.stm32cube.ide.mcu.externaltools.gnu-tools-for-stm32.7-2018-q2-update.win32_1.4.0.202007081208/tools/bin/../lib/gcc/arm-none-eabi/7.3.1/../../../../arm-none-eabi/lib/thumb/v7e-m/fpv4-sp/hard\libnosys.a
END GROUP
LOAD c:/st/stm32cubeide_1.4.0/stm32cubeide/plugins/com.st.stm32cube.ide.mcu.externaltools.gnu-tools-for-stm32.7-2018-q2-update.win32_1.4.0.202007081208/tools/bin/../lib/gcc/arm-none-eabi/7.3.1/thumb/v7e-m/fpv4-sp/hard/crtend.o
LOAD c:/st/stm32cubeide_1.4.0/stm32cubeide/plugins/com.st.stm32cube.ide.mcu.externaltools.gnu-tools-for-stm32.7-2018-q2-update.win32_1.4.0.202007081208/tools/bin/../lib/gcc/arm-none-eabi/7.3.1/thumb/v7e-m/fpv4-sp/hard/crtn.o
                0x0000000020020000                _estack = (ORIGIN (RAM) + LENGTH (RAM))
                0x0000000000000200                _Min_Heap_Size = 0x200
                0x0000000000000400                _Min_Stack_Size = 0x400

.isr_vector     0x0000000008000000      0x188
                0x0000000008000000                . = ALIGN (0x4)
 *(.isr_vector)
 .isr_vector    0x0000000008000000      0x188 Core/Startup/startup_stm32f407vgtx.o
                0x0000000008000000                g_pfnVectors
                0x0000000008000188                . = ALIGN (0x4)

.text           0x0000000008000190     0xfe44
                0x0000000008000190                . = ALIGN (0x4)
 *(.text)
 .text          0x0000000008000190       0x40 c:/st/stm32cubeide_1.4.0/stm32cubeide/plugins/com.st.stm32cube.ide.mcu.externaltools.gnu-tools-for-stm32.7-2018-q2-update.win32_1.4.0.202007081208/tools/bin/../lib/gcc/arm-none-eabi/7.3.1/thumb/v7e-m/fpv4-sp/hard/crtbegin.o
 .text          0x00000000080001d0      0x2a4 C:\Rhapsody\V60_RiC_InterruptDrivenFramework\idf\Arm_Cortex\oxf\libidf.a(RiCEvent.o)
                0x00000000080001d0                RiCEvent_Init
                0x00000000080001fc                RiCEvent_Cleanup
                0x0000000008000230                RiCEvent_cleanup
                0x0000000008000274                RiCEvent_destroy
                0x00000000080002c8                RiCEvent_getDestination
                0x0000000008000304                RiCEvent_getlId
                0x0000000008000344                RiCEvent_init
                0x0000000008000390                RiCEvent_isDeleteAfterConsume
                0x00000000080003c4                RiCEvent_isTimeout
                0x000000000800041c                RiCEvent_setDestination
                0x0000000008000438                RiCEvent_setLId
                0x0000000008000456                RiCEvent_setDeleteAfterConsume
 .text          0x0000000008000474      0x7d0 C:\Rhapsody\V60_RiC_InterruptDrivenFramework\idf\Arm_Cortex\oxf\libidf.a(RiCReactive.o)
                0x0000000008000474                RiCReactive_Init
                0x00000000080004cc                RiCReactive_cleanup
                0x0000000008000518                RiCReactive_destroy
                0x000000000800053a                RiCReactive_gen
                0x000000000800059c                RiCReactive_init
                0x00000000080005be                RiCReactive_popNullConfig
                0x00000000080005fc                RiCReactive_pushNullConfig
                0x000000000800063c                RiCReactive_setActive
                0x0000000008000660                RiCReactive_setShouldDelete
                0x00000000080006bc                RiCReactive_setTask
                0x0000000008000720                RiCReactive_startBehavior
                0x00000000080007f8                RiCReactive_takeEvent
                0x0000000008000888                RiCReactive_takeTrigger
                0x00000000080008c4                RiCReactive_terminate
 .text          0x0000000008000c44       0xb4 C:\Rhapsody\V60_RiC_InterruptDrivenFramework\idf\Arm_Cortex\oxf\libidf.a(RiCStartBehaviorEvent.o)
                0x0000000008000c44                RiCStartBehaviorEvent_Init
                0x0000000008000c5a                RiCStartBehaviorEvent_Cleanup
                0x0000000008000c70                RiCStartBehaviorEvent_init
                0x0000000008000cbc                RiCStartBehaviorEvent_setDestination
                0x0000000008000cd8                RiCStartBehaviorEvent_setLId
 .text          0x0000000008000cf8      0x1c4 C:\Rhapsody\V60_RiC_InterruptDrivenFramework\idf\Arm_Cortex\oxf\libidf.a(RiCTask.o)
                0x0000000008000cf8                RiCTask_Init
                0x0000000008000d20                RiCTask_Cleanup
                0x0000000008000d36                RiCTask_cancelEvents
                0x0000000008000d66                RiCTask_cleanup
                0x0000000008000d7a                RiCTask_getPriority
                0x0000000008000d92                RiCTask_queueEvent
                0x0000000008000dbc                RiCTask_schedTm
                0x0000000008000de2                RiCTask_setPriority
                0x0000000008000df8                RiCTask_start
                0x0000000008000e0c                RiCTask_unschedTm
                0x0000000008000e2e                RiCTask_getItsRiCEvtQueue
                0x0000000008000e46                RiCTask_getNext
                0x0000000008000e5e                RiCTask_setNext
 .text          0x0000000008000ebc      0x388 C:\Rhapsody\V60_RiC_InterruptDrivenFramework\idf\Arm_Cortex\oxf\libidf.a(RiCEvtQueue.o)
                0x0000000008000ebc                RiCEvtQueue_Init
                0x0000000008000f08                RiCEvtQueue_Cleanup
                0x0000000008000f1e                RiCEvtQueue_cancelEvents
                0x0000000008000fc6                RiCEvtQueue_get
                0x0000000008001044                RiCEvtQueue_isEmpty
                0x0000000008001066                RiCEvtQueue_isFull
                0x0000000008001088                RiCEvtQueue_put
                0x0000000008001108                RiCEvtQueue_usage
                0x0000000008001154                RiCEvtQueue_getItsEvent
                0x000000000800116e                RiCEvtQueue_addItsEvent
                0x00000000080011b4                RiCEvtQueue_removeItsEvent
                0x00000000080011fa                RiCEvtQueue_clearItsEvent
 .text          0x0000000008001244      0x484 C:\Rhapsody\V60_RiC_InterruptDrivenFramework\idf\Arm_Cortex\oxf\libidf.a(MemAlloc.o)
                0x0000000008001244                RiC_MemoryAllocationPkg_OMInitializer_Init
                0x0000000008001250                RiC_MemoryAllocationPkg_OMInitializer_Cleanup
                0x000000000800125e                RiC_MemoryAllocationPkg_initRelations
                0x00000000080012b8                RiCAllocator_Init
                0x00000000080012dc                RiCAllocator_Cleanup
                0x00000000080012e8                RiCAllocator_getMemory
                0x0000000008001350                RiCAllocator_returnMemory
                0x00000000080013b8                RiCAllocator_usage
                0x00000000080013e4                RiCAllocator_getItsLargePool
                0x00000000080013fc                RiCAllocator_setItsLargePool
                0x000000000800141c                RiCAllocator_getItsMediumPool
                0x0000000008001434                RiCAllocator_setItsMediumPool
                0x0000000008001454                RiCAllocator_getItsSmallPool
                0x000000000800146c                RiCAllocator_setItsSmallPool
                0x00000000080014c8                RiCMemoryPool_Init
                0x000000000800153a                RiCMemoryPool_Cleanup
                0x0000000008001554                RiCMemoryPool_getMemory
                0x00000000080015e8                RiCMemoryPool_returnMemory
                0x0000000008001674                RiCMemoryPool_usage
 .text          0x00000000080016c8       0x68 C:\Rhapsody\V60_RiC_InterruptDrivenFramework\idf\Arm_Cortex\oxf\libidf.a(RiC_RPkg.o)
                0x00000000080016c8                RiC_RPkg_OMInitializer_Init
                0x00000000080016d4                RiC_RPkg_OMInitializer_Cleanup
                0x00000000080016e2                RiCMainTask
                0x00000000080016f0                RiCTicksToTime
                0x0000000008001706                RiCTimeToTicks
                0x000000000800171c                RiC_RPkg_initRelations
 .text          0x0000000008001730      0x150 C:\Rhapsody\V60_RiC_InterruptDrivenFramework\idf\Arm_Cortex\oxf\libidf.a(RiC_IdfP.o)
                0x0000000008001730                RiCEnterCriticalRegion
                0x000000000800173e                RiCExitCriticalRegion
                0x000000000800174c                RiCGetSystemTick
                0x0000000008001764                RiCInitTimer
                0x0000000008001770                RiCNotifyToOutput
                0x0000000008001794                RiCOXFInit
                0x00000000080017e6                RiCOXFSchedule
                0x00000000080017f2                RiCOXFStart
                0x0000000008001808                RiCOXF_pre71Settings
                0x0000000008001816                RiCSleep
                0x000000000800182a                RiCTick
                0x0000000008001848                RiCTickThread
                0x0000000008001852                RiCUsage
 .text          0x0000000008001880      0x36c C:\Rhapsody\V60_RiC_InterruptDrivenFramework\idf\Arm_Cortex\oxf\libidf.a(RiCTmManager.o)
                0x0000000008001880                RiCTmManager_Init
                0x00000000080018fc                RiCTmManager_add
                0x00000000080019a0                RiCTmManager_cancelEvents
                0x0000000008001a2c                RiCTmManager_getExpiredTimeout
                0x0000000008001b00                RiCTmManager_putBack
                0x0000000008001b30                RiCTmManager_remove
                0x0000000008001bcc                RiCTmManager_usage
 .text          0x0000000008001bec      0x184 C:\Rhapsody\V60_RiC_InterruptDrivenFramework\idf\Arm_Cortex\oxf\libidf.a(RiCErrorManager.o)
                0x0000000008001bec                RiCErrorManager_Init
                0x0000000008001c0c                RiCErrorManager_log
                0x0000000008001c54                RiCErrorManager_usage
 .text          0x0000000008001d70      0x210 C:\Rhapsody\V60_RiC_InterruptDrivenFramework\idf\Arm_Cortex\oxf\libidf.a(theMainTask.o)
                0x0000000008001d70                theMainTask_Init
                0x0000000008001d88                theMainTask_Cleanup
                0x0000000008001d96                theMainTask_execute
                0x0000000008001db4                theMainTask_schedTm
                0x0000000008001dd8                theMainTask_schedule
                0x0000000008001ee8                theMainTask_unschedTm
                0x0000000008001f36                theMainTask_getHead
                0x0000000008001f4c                theMainTask_setHead
                0x0000000008001f6c                theMainTask_getItsRiCTask
 .text          0x0000000008001f80      0x18a C:\Rhapsody\V60_RiC_InterruptDrivenFramework\idf\Arm_Cortex\oxf\libidf.a(RiCTimeout.o)
                0x0000000008001f80                RiCTimeout_Init
                0x0000000008001fba                RiCTimeout_Cleanup
                0x0000000008001fd0                RiCTimeout_isExpired
                0x0000000008001ff6                RiCTimeout_getDestination
                0x000000000800200e                RiCTimeout_setDestination
                0x000000000800202a                RiCTimeout_setLId
                0x0000000008002048                RiCTimeout_getTimeoutId
                0x0000000008002062                RiCTimeout_setTimeoutId
                0x0000000008002080                RiCTimeout_getDeliveryTicks
                0x0000000008002098                RiCTimeout_setDeliveryTicks
                0x00000000080020b4                RiCTimeout_getItsNextTimeout
                0x00000000080020cc                RiCTimeout_setItsNextTimeout
 .text          0x000000000800210a       0x10 c:/st/stm32cubeide_1.4.0/stm32cubeide/plugins/com.st.stm32cube.ide.mcu.externaltools.gnu-tools-for-stm32.7-2018-q2-update.win32_1.4.0.202007081208/tools/bin/../lib/gcc/arm-none-eabi/7.3.1/../../../../arm-none-eabi/lib/thumb/v7e-m/fpv4-sp/hard\libc_nano.a(lib_a-strlen.o)
                0x000000000800210a                strlen
 *fill*         0x000000000800211a        0x6 
 .text          0x0000000008002120       0xa0 c:/st/stm32cubeide_1.4.0/stm32cubeide/plugins/com.st.stm32cube.ide.mcu.externaltools.gnu-tools-for-stm32.7-2018-q2-update.win32_1.4.0.202007081208/tools/bin/../lib/gcc/arm-none-eabi/7.3.1/../../../../arm-none-eabi/lib/thumb/v7e-m/fpv4-sp/hard\libc_nano.a(lib_a-memchr.o)
                0x0000000008002120                memchr
 .text          0x00000000080021c0      0x378 c:/st/stm32cubeide_1.4.0/stm32cubeide/plugins/com.st.stm32cube.ide.mcu.externaltools.gnu-tools-for-stm32.7-2018-q2-update.win32_1.4.0.202007081208/tools/bin/../lib/gcc/arm-none-eabi/7.3.1/thumb/v7e-m/fpv4-sp/hard\libgcc.a(_arm_addsubdf3.o)
                0x00000000080021c0                __aeabi_drsub
                0x00000000080021c8                __aeabi_dsub
                0x00000000080021c8                __subdf3
                0x00000000080021cc                __aeabi_dadd
                0x00000000080021cc                __adddf3
                0x0000000008002444                __floatunsidf
                0x0000000008002444                __aeabi_ui2d
                0x0000000008002464                __floatsidf
                0x0000000008002464                __aeabi_i2d
                0x0000000008002488                __aeabi_f2d
                0x0000000008002488                __extendsfdf2
                0x00000000080024cc                __floatundidf
                0x00000000080024cc                __aeabi_ul2d
                0x00000000080024dc                __floatdidf
                0x00000000080024dc                __aeabi_l2d
 .text          0x0000000008002538      0x424 c:/st/stm32cubeide_1.4.0/stm32cubeide/plugins/com.st.stm32cube.ide.mcu.externaltools.gnu-tools-for-stm32.7-2018-q2-update.win32_1.4.0.202007081208/tools/bin/../lib/gcc/arm-none-eabi/7.3.1/thumb/v7e-m/fpv4-sp/hard\libgcc.a(_arm_muldivdf3.o)
                0x0000000008002538                __aeabi_dmul
                0x0000000008002538                __muldf3
                0x000000000800278c                __divdf3
                0x000000000800278c                __aeabi_ddiv
 .text          0x000000000800295c      0x110 c:/st/stm32cubeide_1.4.0/stm32cubeide/plugins/com.st.stm32cube.ide.mcu.externaltools.gnu-tools-for-stm32.7-2018-q2-update.win32_1.4.0.202007081208/tools/bin/../lib/gcc/arm-none-eabi/7.3.1/thumb/v7e-m/fpv4-sp/hard\libgcc.a(_arm_cmpdf2.o)
                0x000000000800295c                __gtdf2
                0x000000000800295c                __gedf2
                0x0000000008002964                __ltdf2
                0x0000000008002964                __ledf2
                0x000000000800296c                __nedf2
                0x000000000800296c                __eqdf2
                0x000000000800296c                __cmpdf2
                0x00000000080029e8                __aeabi_cdrcmple
                0x00000000080029f8                __aeabi_cdcmpeq
                0x00000000080029f8                __aeabi_cdcmple
                0x0000000008002a08                __aeabi_dcmpeq
                0x0000000008002a1c                __aeabi_dcmplt
                0x0000000008002a30                __aeabi_dcmple
                0x0000000008002a44                __aeabi_dcmpge
                0x0000000008002a58                __aeabi_dcmpgt
 .text          0x0000000008002a6c       0x2c c:/st/stm32cubeide_1.4.0/stm32cubeide/plugins/com.st.stm32cube.ide.mcu.externaltools.gnu-tools-for-stm32.7-2018-q2-update.win32_1.4.0.202007081208/tools/bin/../lib/gcc/arm-none-eabi/7.3.1/thumb/v7e-m/fpv4-sp/hard\libgcc.a(_arm_unorddf2.o)
                0x0000000008002a6c                __unorddf2
                0x0000000008002a6c                __aeabi_dcmpun
 .text          0x0000000008002a98       0x50 c:/st/stm32cubeide_1.4.0/stm32cubeide/plugins/com.st.stm32cube.ide.mcu.externaltools.gnu-tools-for-stm32.7-2018-q2-update.win32_1.4.0.202007081208/tools/bin/../lib/gcc/arm-none-eabi/7.3.1/thumb/v7e-m/fpv4-sp/hard\libgcc.a(_arm_fixdfsi.o)
                0x0000000008002a98                __aeabi_d2iz
                0x0000000008002a98                __fixdfsi
 .text          0x0000000008002ae8       0x30 c:/st/stm32cubeide_1.4.0/stm32cubeide/plugins/com.st.stm32cube.ide.mcu.externaltools.gnu-tools-for-stm32.7-2018-q2-update.win32_1.4.0.202007081208/tools/bin/../lib/gcc/arm-none-eabi/7.3.1/thumb/v7e-m/fpv4-sp/hard\libgcc.a(_aeabi_uldivmod.o)
                0x0000000008002ae8                __aeabi_uldivmod
 .text          0x0000000008002b18      0x2cc c:/st/stm32cubeide_1.4.0/stm32cubeide/plugins/com.st.stm32cube.ide.mcu.externaltools.gnu-tools-for-stm32.7-2018-q2-update.win32_1.4.0.202007081208/tools/bin/../lib/gcc/arm-none-eabi/7.3.1/thumb/v7e-m/fpv4-sp/hard\libgcc.a(_udivmoddi4.o)
                0x0000000008002b18                __udivmoddi4
 .text          0x0000000008002de4        0x4 c:/st/stm32cubeide_1.4.0/stm32cubeide/plugins/com.st.stm32cube.ide.mcu.externaltools.gnu-tools-for-stm32.7-2018-q2-update.win32_1.4.0.202007081208/tools/bin/../lib/gcc/arm-none-eabi/7.3.1/thumb/v7e-m/fpv4-sp/hard\libgcc.a(_dvmd_tls.o)
                0x0000000008002de4                __aeabi_idiv0
                0x0000000008002de4                __aeabi_ldiv0
 *(.text*)
 .text.CANSPI_Transmit
                0x0000000008002de8       0xf0 Core/Src/CANSPI.o
                0x0000000008002de8                CANSPI_Transmit
 .text.CANSPI_Receive
                0x0000000008002ed8       0xf8 Core/Src/CANSPI.o
                0x0000000008002ed8                CANSPI_Receive
 .text.convertReg2ExtendedCANid
                0x0000000008002fd0       0x7c Core/Src/CANSPI.o
 .text.convertReg2StandardCANid
                0x000000000800304c       0x3a Core/Src/CANSPI.o
 .text.convertCANid2Reg
                0x0000000008003086       0xaa Core/Src/CANSPI.o
 .text.MCP2515_ReadRxSequence
                0x0000000008003130       0x48 Core/Src/MCP2515.o
                0x0000000008003130                MCP2515_ReadRxSequence
 .text.MCP2515_LoadTxSequence
                0x0000000008003178       0x58 Core/Src/MCP2515.o
                0x0000000008003178                MCP2515_LoadTxSequence
 .text.MCP2515_RequestToSend
                0x00000000080031d0       0x38 Core/Src/MCP2515.o
                0x00000000080031d0                MCP2515_RequestToSend
 .text.MCP2515_ReadStatus
                0x0000000008003208       0x3c Core/Src/MCP2515.o
                0x0000000008003208                MCP2515_ReadStatus
 .text.MCP2515_GetRxStatus
                0x0000000008003244       0x3c Core/Src/MCP2515.o
                0x0000000008003244                MCP2515_GetRxStatus
 .text.SPI_Tx   0x0000000008003280       0x24 Core/Src/MCP2515.o
 .text.SPI_TxBuffer
                0x00000000080032a4       0x28 Core/Src/MCP2515.o
 .text.SPI_Rx   0x00000000080032cc       0x20 Core/Src/MCP2515.o
 .text.SPI_RxBuffer
                0x00000000080032ec       0x28 Core/Src/MCP2515.o
 .text.__io_putchar
                0x0000000008003314       0x30 Core/Src/main.o
                0x0000000008003314                __io_putchar
 *fill*         0x0000000008003344        0x4 
 .text.CANopen  0x0000000008003348      0x200 Core/Src/main.o
                0x0000000008003348                CANopen
 .text.Init_Timer
                0x0000000008003548       0x14 Core/Src/main.o
                0x0000000008003548                Init_Timer
 .text.main     0x000000000800355c       0x3e Core/Src/main.o
                0x000000000800355c                main
 *fill*         0x000000000800359a        0x2 
 .text.SystemClock_Config
                0x000000000800359c      0x104 Core/Src/main.o
                0x000000000800359c                SystemClock_Config
 .text.MX_I2C1_Init
                0x00000000080036a0       0x5c Core/Src/main.o
 .text.MX_I2S3_Init
                0x00000000080036fc       0x60 Core/Src/main.o
 .text.MX_SPI1_Init
                0x000000000800375c       0x6c Core/Src/main.o
 .text.MX_SPI2_Init
                0x00000000080037c8       0x6c Core/Src/main.o
 .text.MX_TIM10_Init
                0x0000000008003834       0x48 Core/Src/main.o
 .text.MX_USART2_UART_Init
                0x000000000800387c       0x54 Core/Src/main.o
 .text.MX_USART3_UART_Init
                0x00000000080038d0       0x54 Core/Src/main.o
 .text.MX_GPIO_Init
                0x0000000008003924      0x224 Core/Src/main.o
 .text.HAL_TIM_PeriodElapsedCallback
                0x0000000008003b48       0x24 Core/Src/main.o
                0x0000000008003b48                HAL_TIM_PeriodElapsedCallback
 .text.Error_Handler
                0x0000000008003b6c        0xe Core/Src/main.o
                0x0000000008003b6c                Error_Handler
 *fill*         0x0000000008003b7a        0x2 
 .text.HAL_MspInit
                0x0000000008003b7c       0x50 Core/Src/stm32f4xx_hal_msp.o
                0x0000000008003b7c                HAL_MspInit
 .text.HAL_I2C_MspInit
                0x0000000008003bcc       0x90 Core/Src/stm32f4xx_hal_msp.o
                0x0000000008003bcc                HAL_I2C_MspInit
 .text.HAL_I2S_MspInit
                0x0000000008003c5c       0xd0 Core/Src/stm32f4xx_hal_msp.o
                0x0000000008003c5c                HAL_I2S_MspInit
 .text.HAL_SPI_MspInit
                0x0000000008003d2c      0x13c Core/Src/stm32f4xx_hal_msp.o
                0x0000000008003d2c                HAL_SPI_MspInit
 .text.HAL_TIM_Base_MspInit
                0x0000000008003e68       0x50 Core/Src/stm32f4xx_hal_msp.o
                0x0000000008003e68                HAL_TIM_Base_MspInit
 .text.HAL_UART_MspInit
                0x0000000008003eb8      0x140 Core/Src/stm32f4xx_hal_msp.o
                0x0000000008003eb8                HAL_UART_MspInit
 .text.NMI_Handler
                0x0000000008003ff8        0xe Core/Src/stm32f4xx_it.o
                0x0000000008003ff8                NMI_Handler
 .text.HardFault_Handler
                0x0000000008004006        0x6 Core/Src/stm32f4xx_it.o
                0x0000000008004006                HardFault_Handler
 .text.MemManage_Handler
                0x000000000800400c        0x6 Core/Src/stm32f4xx_it.o
                0x000000000800400c                MemManage_Handler
 .text.BusFault_Handler
                0x0000000008004012        0x6 Core/Src/stm32f4xx_it.o
                0x0000000008004012                BusFault_Handler
 .text.UsageFault_Handler
                0x0000000008004018        0x6 Core/Src/stm32f4xx_it.o
                0x0000000008004018                UsageFault_Handler
 .text.SVC_Handler
                0x000000000800401e        0xe Core/Src/stm32f4xx_it.o
                0x000000000800401e                SVC_Handler
 .text.DebugMon_Handler
                0x000000000800402c        0xe Core/Src/stm32f4xx_it.o
                0x000000000800402c                DebugMon_Handler
 .text.PendSV_Handler
                0x000000000800403a        0xe Core/Src/stm32f4xx_it.o
                0x000000000800403a                PendSV_Handler
 .text.SysTick_Handler
                0x0000000008004048        0xc Core/Src/stm32f4xx_it.o
                0x0000000008004048                SysTick_Handler
 .text.TIM1_UP_TIM10_IRQHandler
                0x0000000008004054       0x14 Core/Src/stm32f4xx_it.o
                0x0000000008004054                TIM1_UP_TIM10_IRQHandler
 .text.OTG_FS_IRQHandler
                0x0000000008004068       0x14 Core/Src/stm32f4xx_it.o
                0x0000000008004068                OTG_FS_IRQHandler
 .text._getpid  0x000000000800407c       0x10 Core/Src/syscalls.o
                0x000000000800407c                _getpid
 .text._kill    0x000000000800408c       0x20 Core/Src/syscalls.o
                0x000000000800408c                _kill
 .text._exit    0x00000000080040ac       0x14 Core/Src/syscalls.o
                0x00000000080040ac                _exit
 .text._read    0x00000000080040c0       0x3a Core/Src/syscalls.o
                0x00000000080040c0                _read
 .text._write   0x00000000080040fa       0x38 Core/Src/syscalls.o
                0x00000000080040fa                _write
 .text._close   0x0000000008004132       0x18 Core/Src/syscalls.o
                0x0000000008004132                _close
 .text._fstat   0x000000000800414a       0x20 Core/Src/syscalls.o
                0x000000000800414a                _fstat
 .text._isatty  0x000000000800416a       0x16 Core/Src/syscalls.o
                0x000000000800416a                _isatty
 .text._lseek   0x0000000008004180       0x1a Core/Src/syscalls.o
                0x0000000008004180                _lseek
 *fill*         0x000000000800419a        0x2 
 .text._sbrk    0x000000000800419c       0x6c Core/Src/sysmem.o
                0x000000000800419c                _sbrk
 .text.SystemInit
                0x0000000008004208       0x2c Core/Src/system_stm32f4xx.o
                0x0000000008004208                SystemInit
 .text.my_itoa  0x0000000008004234       0x74 Core/Src/wifi_ubidots.o
                0x0000000008004234                my_itoa
 .text.FloatToString
                0x00000000080042a8      0x112 Core/Src/wifi_ubidots.o
                0x00000000080042a8                FloatToString
 *fill*         0x00000000080043ba        0x2 
 .text.WifiSetup
                0x00000000080043bc      0x16c Core/Src/wifi_ubidots.o
                0x00000000080043bc                WifiSetup
 .text.OpenUbidots
                0x0000000008004528      0x10c Core/Src/wifi_ubidots.o
                0x0000000008004528                OpenUbidots
 .text.CloseUbidots
                0x0000000008004634       0xe0 Core/Src/wifi_ubidots.o
                0x0000000008004634                CloseUbidots
 .text.WifiUbidots
                0x0000000008004714      0x254 Core/Src/wifi_ubidots.o
                0x0000000008004714                WifiUbidots
 .text.CANtranscevier_Init
                0x0000000008004968       0x40 Core/Src/Rhapsody/CANtranscevier.o
                0x0000000008004968                CANtranscevier_Init
 .text.CANtranscevier_setItsMonitor
                0x00000000080049a8       0x1c Core/Src/Rhapsody/CANtranscevier.o
                0x00000000080049a8                CANtranscevier_setItsMonitor
 .text.CANtranscevier_setItsUbidots
                0x00000000080049c4       0x1c Core/Src/Rhapsody/CANtranscevier.o
                0x00000000080049c4                CANtranscevier_setItsUbidots
 .text.CANtranscevier_startBehavior
                0x00000000080049e0       0x22 Core/Src/Rhapsody/CANtranscevier.o
                0x00000000080049e0                CANtranscevier_startBehavior
 .text.initStatechart
                0x0000000008004a02       0x24 Core/Src/Rhapsody/CANtranscevier.o
 .text.rootState_entDef
                0x0000000008004a26       0x46 Core/Src/Rhapsody/CANtranscevier.o
 .text.rootState_dispatchEvent
                0x0000000008004a6c       0x22 Core/Src/Rhapsody/CANtranscevier.o
 .text.DefaultComponent_Init
                0x0000000008004a8e       0x10 Core/Src/Rhapsody/MainDefaultComponent.o
                0x0000000008004a8e                DefaultComponent_Init
 .text.DefaultComponent_Cleanup
                0x0000000008004a9e        0xc Core/Src/Rhapsody/MainDefaultComponent.o
                0x0000000008004a9e                DefaultComponent_Cleanup
 *fill*         0x0000000008004aaa        0x2 
 .text.Cortex_main
                0x0000000008004aac       0x54 Core/Src/Rhapsody/MainDefaultComponent.o
                0x0000000008004aac                Cortex_main
 .text.Monitor_Init
                0x0000000008004b00       0x38 Core/Src/Rhapsody/Monitor.o
                0x0000000008004b00                Monitor_Init
 .text.Monitor_setItsUbidots
                0x0000000008004b38       0x1c Core/Src/Rhapsody/Monitor.o
                0x0000000008004b38                Monitor_setItsUbidots
 .text.Monitor_startBehavior
                0x0000000008004b54       0x22 Core/Src/Rhapsody/Monitor.o
                0x0000000008004b54                Monitor_startBehavior
 .text.initStatechart
                0x0000000008004b76       0x24 Core/Src/Rhapsody/Monitor.o
 .text.rootState_entDef
                0x0000000008004b9a       0x28 Core/Src/Rhapsody/Monitor.o
 .text.rootState_dispatchEvent
                0x0000000008004bc2       0x66 Core/Src/Rhapsody/Monitor.o
 .text.PBLPkg_OMInitializer_Cleanup
                0x0000000008004c28        0xe Core/Src/Rhapsody/PBLPkg.o
                0x0000000008004c28                PBLPkg_OMInitializer_Cleanup
 *fill*         0x0000000008004c36        0x2 
 .text.PBLPkg_initRelations
                0x0000000008004c38       0x58 Core/Src/Rhapsody/PBLPkg.o
                0x0000000008004c38                PBLPkg_initRelations
 .text.PBLPkg_startBehavior
                0x0000000008004c90       0x50 Core/Src/Rhapsody/PBLPkg.o
                0x0000000008004c90                PBLPkg_startBehavior
 .text.evStart_Init
                0x0000000008004ce0       0x28 Core/Src/Rhapsody/PBLPkg.o
                0x0000000008004ce0                evStart_Init
 .text.evStart_Cleanup
                0x0000000008004d08       0x18 Core/Src/Rhapsody/PBLPkg.o
                0x0000000008004d08                evStart_Cleanup
 .text.RiC_Create_evStart
                0x0000000008004d20       0x24 Core/Src/Rhapsody/PBLPkg.o
                0x0000000008004d20                RiC_Create_evStart
 .text.RiC_Destroy_evStart
                0x0000000008004d44       0x24 Core/Src/Rhapsody/PBLPkg.o
                0x0000000008004d44                RiC_Destroy_evStart
 .text.evStartWiFi_Init
                0x0000000008004d68       0x28 Core/Src/Rhapsody/PBLPkg.o
                0x0000000008004d68                evStartWiFi_Init
 .text.evStartWiFi_Cleanup
                0x0000000008004d90       0x18 Core/Src/Rhapsody/PBLPkg.o
                0x0000000008004d90                evStartWiFi_Cleanup
 .text.RiC_Create_evStartWiFi
                0x0000000008004da8       0x24 Core/Src/Rhapsody/PBLPkg.o
                0x0000000008004da8                RiC_Create_evStartWiFi
 .text.RiC_Destroy_evStartWiFi
                0x0000000008004dcc       0x24 Core/Src/Rhapsody/PBLPkg.o
                0x0000000008004dcc                RiC_Destroy_evStartWiFi
 .text.Ubidots_Init
                0x0000000008004df0       0x34 Core/Src/Rhapsody/Ubidots.o
                0x0000000008004df0                Ubidots_Init
 .text.Ubidots_startBehavior
                0x0000000008004e24       0x22 Core/Src/Rhapsody/Ubidots.o
                0x0000000008004e24                Ubidots_startBehavior
 .text.initStatechart
                0x0000000008004e46       0x20 Core/Src/Rhapsody/Ubidots.o
 .text.rootState_entDef
                0x0000000008004e66       0x24 Core/Src/Rhapsody/Ubidots.o
 .text.rootState_dispatchEvent
                0x0000000008004e8a       0x4a Core/Src/Rhapsody/Ubidots.o
 .text.Reset_Handler
                0x0000000008004ed4       0x50 Core/Startup/startup_stm32f407vgtx.o
                0x0000000008004ed4                Reset_Handler
 .text.Default_Handler
                0x0000000008004f24        0x2 Core/Startup/startup_stm32f407vgtx.o
                0x0000000008004f24                RTC_Alarm_IRQHandler
                0x0000000008004f24                HASH_RNG_IRQHandler
                0x0000000008004f24                EXTI2_IRQHandler
                0x0000000008004f24                TIM8_CC_IRQHandler
                0x0000000008004f24                TIM1_CC_IRQHandler
                0x0000000008004f24                DMA2_Stream5_IRQHandler
                0x0000000008004f24                DMA1_Stream5_IRQHandler
                0x0000000008004f24                PVD_IRQHandler
                0x0000000008004f24                SDIO_IRQHandler
                0x0000000008004f24                TAMP_STAMP_IRQHandler
                0x0000000008004f24                CAN2_RX1_IRQHandler
                0x0000000008004f24                EXTI3_IRQHandler
                0x0000000008004f24                TIM8_TRG_COM_TIM14_IRQHandler
                0x0000000008004f24                TIM8_UP_TIM13_IRQHandler
                0x0000000008004f24                I2C3_ER_IRQHandler
                0x0000000008004f24                EXTI0_IRQHandler
                0x0000000008004f24                I2C2_EV_IRQHandler
                0x0000000008004f24                DMA1_Stream2_IRQHandler
                0x0000000008004f24                CAN1_RX0_IRQHandler
                0x0000000008004f24                FPU_IRQHandler
                0x0000000008004f24                OTG_HS_WKUP_IRQHandler
                0x0000000008004f24                CAN2_SCE_IRQHandler
                0x0000000008004f24                DMA2_Stream2_IRQHandler
                0x0000000008004f24                SPI1_IRQHandler
                0x0000000008004f24                TIM6_DAC_IRQHandler
                0x0000000008004f24                TIM1_BRK_TIM9_IRQHandler
                0x0000000008004f24                DCMI_IRQHandler
                0x0000000008004f24                CAN2_RX0_IRQHandler
                0x0000000008004f24                DMA2_Stream3_IRQHandler
                0x0000000008004f24                USART6_IRQHandler
                0x0000000008004f24                USART3_IRQHandler
                0x0000000008004f24                CAN1_RX1_IRQHandler
                0x0000000008004f24                UART5_IRQHandler
                0x0000000008004f24                DMA2_Stream0_IRQHandler
                0x0000000008004f24                TIM4_IRQHandler
                0x0000000008004f24                I2C1_EV_IRQHandler
                0x0000000008004f24                DMA1_Stream6_IRQHandler
                0x0000000008004f24                DMA1_Stream1_IRQHandler
                0x0000000008004f24                UART4_IRQHandler
                0x0000000008004f24                TIM3_IRQHandler
                0x0000000008004f24                RCC_IRQHandler
                0x0000000008004f24                TIM8_BRK_TIM12_IRQHandler
                0x0000000008004f24                Default_Handler
                0x0000000008004f24                EXTI15_10_IRQHandler
                0x0000000008004f24                ADC_IRQHandler
                0x0000000008004f24                DMA1_Stream7_IRQHandler
                0x0000000008004f24                TIM7_IRQHandler
                0x0000000008004f24                CAN2_TX_IRQHandler
                0x0000000008004f24                TIM5_IRQHandler
                0x0000000008004f24                DMA2_Stream7_IRQHandler
                0x0000000008004f24                I2C3_EV_IRQHandler
                0x0000000008004f24                EXTI9_5_IRQHandler
                0x0000000008004f24                RTC_WKUP_IRQHandler
                0x0000000008004f24                ETH_WKUP_IRQHandler
                0x0000000008004f24                SPI2_IRQHandler
                0x0000000008004f24                OTG_HS_EP1_IN_IRQHandler
                0x0000000008004f24                DMA1_Stream0_IRQHandler
                0x0000000008004f24                CAN1_TX_IRQHandler
                0x0000000008004f24                EXTI4_IRQHandler
                0x0000000008004f24                FSMC_IRQHandler
                0x0000000008004f24                ETH_IRQHandler
                0x0000000008004f24                OTG_HS_EP1_OUT_IRQHandler
                0x0000000008004f24                WWDG_IRQHandler
                0x0000000008004f24                TIM2_IRQHandler
                0x0000000008004f24                OTG_FS_WKUP_IRQHandler
                0x0000000008004f24                TIM1_TRG_COM_TIM11_IRQHandler
                0x0000000008004f24                OTG_HS_IRQHandler
                0x0000000008004f24                EXTI1_IRQHandler
                0x0000000008004f24                USART2_IRQHandler
                0x0000000008004f24                I2C2_ER_IRQHandler
                0x0000000008004f24                DMA2_Stream1_IRQHandler
                0x0000000008004f24                CAN1_SCE_IRQHandler
                0x0000000008004f24                FLASH_IRQHandler
                0x0000000008004f24                DMA2_Stream4_IRQHandler
                0x0000000008004f24                USART1_IRQHandler
                0x0000000008004f24                SPI3_IRQHandler
                0x0000000008004f24                DMA1_Stream4_IRQHandler
                0x0000000008004f24                I2C1_ER_IRQHandler
                0x0000000008004f24                DMA2_Stream6_IRQHandler
                0x0000000008004f24                DMA1_Stream3_IRQHandler
 *fill*         0x0000000008004f26        0x2 
 .text.HAL_Init
                0x0000000008004f28       0x44 Drivers/STM32F4xx_HAL_Driver/Src/stm32f4xx_hal.o
                0x0000000008004f28                HAL_Init
 .text.HAL_InitTick
                0x0000000008004f6c       0x60 Drivers/STM32F4xx_HAL_Driver/Src/stm32f4xx_hal.o
                0x0000000008004f6c                HAL_InitTick
 .text.HAL_IncTick
                0x0000000008004fcc       0x28 Drivers/STM32F4xx_HAL_Driver/Src/stm32f4xx_hal.o
                0x0000000008004fcc                HAL_IncTick
 .text.HAL_GetTick
                0x0000000008004ff4       0x18 Drivers/STM32F4xx_HAL_Driver/Src/stm32f4xx_hal.o
                0x0000000008004ff4                HAL_GetTick
 .text.HAL_Delay
                0x000000000800500c       0x44 Drivers/STM32F4xx_HAL_Driver/Src/stm32f4xx_hal.o
                0x000000000800500c                HAL_Delay
 .text.__NVIC_SetPriorityGrouping
                0x0000000008005050       0x48 Drivers/STM32F4xx_HAL_Driver/Src/stm32f4xx_hal_cortex.o
 .text.__NVIC_GetPriorityGrouping
                0x0000000008005098       0x1c Drivers/STM32F4xx_HAL_Driver/Src/stm32f4xx_hal_cortex.o
 .text.__NVIC_EnableIRQ
                0x00000000080050b4       0x3c Drivers/STM32F4xx_HAL_Driver/Src/stm32f4xx_hal_cortex.o
 .text.__NVIC_SetPriority
                0x00000000080050f0       0x54 Drivers/STM32F4xx_HAL_Driver/Src/stm32f4xx_hal_cortex.o
 .text.NVIC_EncodePriority
                0x0000000008005144       0x66 Drivers/STM32F4xx_HAL_Driver/Src/stm32f4xx_hal_cortex.o
 *fill*         0x00000000080051aa        0x2 
 .text.SysTick_Config
                0x00000000080051ac       0x44 Drivers/STM32F4xx_HAL_Driver/Src/stm32f4xx_hal_cortex.o
 .text.HAL_NVIC_SetPriorityGrouping
                0x00000000080051f0       0x16 Drivers/STM32F4xx_HAL_Driver/Src/stm32f4xx_hal_cortex.o
                0x00000000080051f0                HAL_NVIC_SetPriorityGrouping
 .text.HAL_NVIC_SetPriority
                0x0000000008005206       0x38 Drivers/STM32F4xx_HAL_Driver/Src/stm32f4xx_hal_cortex.o
                0x0000000008005206                HAL_NVIC_SetPriority
 .text.HAL_NVIC_EnableIRQ
                0x000000000800523e       0x1c Drivers/STM32F4xx_HAL_Driver/Src/stm32f4xx_hal_cortex.o
                0x000000000800523e                HAL_NVIC_EnableIRQ
 .text.HAL_SYSTICK_Config
                0x000000000800525a       0x18 Drivers/STM32F4xx_HAL_Driver/Src/stm32f4xx_hal_cortex.o
                0x000000000800525a                HAL_SYSTICK_Config
 *fill*         0x0000000008005272        0x2 
 .text.HAL_GPIO_Init
                0x0000000008005274      0x334 Drivers/STM32F4xx_HAL_Driver/Src/stm32f4xx_hal_gpio.o
                0x0000000008005274                HAL_GPIO_Init
 .text.HAL_GPIO_WritePin
                0x00000000080055a8       0x32 Drivers/STM32F4xx_HAL_Driver/Src/stm32f4xx_hal_gpio.o
                0x00000000080055a8                HAL_GPIO_WritePin
 .text.HAL_HCD_Init
                0x00000000080055da       0xc4 Drivers/STM32F4xx_HAL_Driver/Src/stm32f4xx_hal_hcd.o
                0x00000000080055da                HAL_HCD_Init
 .text.HAL_HCD_HC_Init
                0x000000000800569e      0x130 Drivers/STM32F4xx_HAL_Driver/Src/stm32f4xx_hal_hcd.o
                0x000000000800569e                HAL_HCD_HC_Init
 .text.HAL_HCD_HC_Halt
                0x00000000080057ce       0x46 Drivers/STM32F4xx_HAL_Driver/Src/stm32f4xx_hal_hcd.o
                0x00000000080057ce                HAL_HCD_HC_Halt
 .text.HAL_HCD_HC_SubmitRequest
                0x0000000008005814      0x2e4 Drivers/STM32F4xx_HAL_Driver/Src/stm32f4xx_hal_hcd.o
                0x0000000008005814                HAL_HCD_HC_SubmitRequest
 .text.HAL_HCD_IRQHandler
                0x0000000008005af8      0x208 Drivers/STM32F4xx_HAL_Driver/Src/stm32f4xx_hal_hcd.o
                0x0000000008005af8                HAL_HCD_IRQHandler
 .text.HAL_HCD_Start
                0x0000000008005d00       0x46 Drivers/STM32F4xx_HAL_Driver/Src/stm32f4xx_hal_hcd.o
                0x0000000008005d00                HAL_HCD_Start
 .text.HAL_HCD_Stop
                0x0000000008005d46       0x3a Drivers/STM32F4xx_HAL_Driver/Src/stm32f4xx_hal_hcd.o
                0x0000000008005d46                HAL_HCD_Stop
 .text.HAL_HCD_ResetPort
                0x0000000008005d80       0x1c Drivers/STM32F4xx_HAL_Driver/Src/stm32f4xx_hal_hcd.o
                0x0000000008005d80                HAL_HCD_ResetPort
 .text.HAL_HCD_HC_GetURBState
                0x0000000008005d9c       0x2a Drivers/STM32F4xx_HAL_Driver/Src/stm32f4xx_hal_hcd.o
                0x0000000008005d9c                HAL_HCD_HC_GetURBState
 .text.HAL_HCD_HC_GetXferCount
                0x0000000008005dc6       0x2a Drivers/STM32F4xx_HAL_Driver/Src/stm32f4xx_hal_hcd.o
                0x0000000008005dc6                HAL_HCD_HC_GetXferCount
 .text.HAL_HCD_GetCurrentFrame
                0x0000000008005df0       0x1c Drivers/STM32F4xx_HAL_Driver/Src/stm32f4xx_hal_hcd.o
                0x0000000008005df0                HAL_HCD_GetCurrentFrame
 .text.HAL_HCD_GetCurrentSpeed
                0x0000000008005e0c       0x1c Drivers/STM32F4xx_HAL_Driver/Src/stm32f4xx_hal_hcd.o
                0x0000000008005e0c                HAL_HCD_GetCurrentSpeed
 .text.HCD_HC_IN_IRQHandler
                0x0000000008005e28      0x86a Drivers/STM32F4xx_HAL_Driver/Src/stm32f4xx_hal_hcd.o
 .text.HCD_HC_OUT_IRQHandler
                0x0000000008006692      0x6ea Drivers/STM32F4xx_HAL_Driver/Src/stm32f4xx_hal_hcd.o
 .text.HCD_RXQLVL_IRQHandler
                0x0000000008006d7c      0x158 Drivers/STM32F4xx_HAL_Driver/Src/stm32f4xx_hal_hcd.o
 .text.HCD_Port_IRQHandler
                0x0000000008006ed4       0xe6 Drivers/STM32F4xx_HAL_Driver/Src/stm32f4xx_hal_hcd.o
 *fill*         0x0000000008006fba        0x2 
 .text.HAL_I2C_Init
                0x0000000008006fbc      0x270 Drivers/STM32F4xx_HAL_Driver/Src/stm32f4xx_hal_i2c.o
                0x0000000008006fbc                HAL_I2C_Init
 .text.HAL_I2S_Init
                0x000000000800722c      0x280 Drivers/STM32F4xx_HAL_Driver/Src/stm32f4xx_hal_i2s.o
                0x000000000800722c                HAL_I2S_Init
 .text.HAL_I2S_TxCpltCallback
                0x00000000080074ac       0x14 Drivers/STM32F4xx_HAL_Driver/Src/stm32f4xx_hal_i2s.o
                0x00000000080074ac                HAL_I2S_TxCpltCallback
 .text.HAL_I2S_RxCpltCallback
                0x00000000080074c0       0x14 Drivers/STM32F4xx_HAL_Driver/Src/stm32f4xx_hal_i2s.o
                0x00000000080074c0                HAL_I2S_RxCpltCallback
 .text.HAL_I2S_ErrorCallback
                0x00000000080074d4       0x14 Drivers/STM32F4xx_HAL_Driver/Src/stm32f4xx_hal_i2s.o
                0x00000000080074d4                HAL_I2S_ErrorCallback
 .text.I2S_Transmit_IT
                0x00000000080074e8       0x5c Drivers/STM32F4xx_HAL_Driver/Src/stm32f4xx_hal_i2s.o
 .text.I2S_Receive_IT
                0x0000000008007544       0x5e Drivers/STM32F4xx_HAL_Driver/Src/stm32f4xx_hal_i2s.o
 .text.I2S_IRQHandler
                0x00000000080075a2      0x114 Drivers/STM32F4xx_HAL_Driver/Src/stm32f4xx_hal_i2s.o
 *fill*         0x00000000080076b6        0x2 
 .text.HAL_I2SEx_FullDuplex_IRQHandler
                0x00000000080076b8      0x2a8 Drivers/STM32F4xx_HAL_Driver/Src/stm32f4xx_hal_i2s_ex.o
                0x00000000080076b8                HAL_I2SEx_FullDuplex_IRQHandler
 .text.HAL_I2SEx_TxRxCpltCallback
                0x0000000008007960       0x14 Drivers/STM32F4xx_HAL_Driver/Src/stm32f4xx_hal_i2s_ex.o
                0x0000000008007960                HAL_I2SEx_TxRxCpltCallback
 .text.I2SEx_TxISR_I2S
                0x0000000008007974       0x62 Drivers/STM32F4xx_HAL_Driver/Src/stm32f4xx_hal_i2s_ex.o
 *fill*         0x00000000080079d6        0x2 
 .text.I2SEx_TxISR_I2SExt
                0x00000000080079d8       0x98 Drivers/STM32F4xx_HAL_Driver/Src/stm32f4xx_hal_i2s_ex.o
 .text.I2SEx_RxISR_I2S
                0x0000000008007a70       0x64 Drivers/STM32F4xx_HAL_Driver/Src/stm32f4xx_hal_i2s_ex.o
 .text.I2SEx_RxISR_I2SExt
                0x0000000008007ad4       0x98 Drivers/STM32F4xx_HAL_Driver/Src/stm32f4xx_hal_i2s_ex.o
 .text.HAL_RCC_OscConfig
                0x0000000008007b6c      0x4e0 Drivers/STM32F4xx_HAL_Driver/Src/stm32f4xx_hal_rcc.o
                0x0000000008007b6c                HAL_RCC_OscConfig
 .text.HAL_RCC_ClockConfig
                0x000000000800804c      0x1cc Drivers/STM32F4xx_HAL_Driver/Src/stm32f4xx_hal_rcc.o
                0x000000000800804c                HAL_RCC_ClockConfig
 .text.HAL_RCC_GetSysClockFreq
                0x0000000008008218      0x1b0 Drivers/STM32F4xx_HAL_Driver/Src/stm32f4xx_hal_rcc.o
                0x0000000008008218                HAL_RCC_GetSysClockFreq
 .text.HAL_RCC_GetHCLKFreq
                0x00000000080083c8       0x18 Drivers/STM32F4xx_HAL_Driver/Src/stm32f4xx_hal_rcc.o
                0x00000000080083c8                HAL_RCC_GetHCLKFreq
 .text.HAL_RCC_GetPCLK1Freq
                0x00000000080083e0       0x28 Drivers/STM32F4xx_HAL_Driver/Src/stm32f4xx_hal_rcc.o
                0x00000000080083e0                HAL_RCC_GetPCLK1Freq
 .text.HAL_RCC_GetPCLK2Freq
                0x0000000008008408       0x28 Drivers/STM32F4xx_HAL_Driver/Src/stm32f4xx_hal_rcc.o
                0x0000000008008408                HAL_RCC_GetPCLK2Freq
 .text.HAL_RCCEx_PeriphCLKConfig
                0x0000000008008430      0x1c4 Drivers/STM32F4xx_HAL_Driver/Src/stm32f4xx_hal_rcc_ex.o
                0x0000000008008430                HAL_RCCEx_PeriphCLKConfig
 .text.HAL_RCCEx_GetPeriphCLKFreq
                0x00000000080085f4       0xb8 Drivers/STM32F4xx_HAL_Driver/Src/stm32f4xx_hal_rcc_ex.o
                0x00000000080085f4                HAL_RCCEx_GetPeriphCLKFreq
 .text.HAL_SPI_Init
                0x00000000080086ac       0xc8 Drivers/STM32F4xx_HAL_Driver/Src/stm32f4xx_hal_spi.o
                0x00000000080086ac                HAL_SPI_Init
 .text.HAL_SPI_Transmit
                0x0000000008008774      0x268 Drivers/STM32F4xx_HAL_Driver/Src/stm32f4xx_hal_spi.o
                0x0000000008008774                HAL_SPI_Transmit
 .text.HAL_SPI_Receive
                0x00000000080089dc      0x212 Drivers/STM32F4xx_HAL_Driver/Src/stm32f4xx_hal_spi.o
                0x00000000080089dc                HAL_SPI_Receive
 .text.HAL_SPI_TransmitReceive
                0x0000000008008bee      0x344 Drivers/STM32F4xx_HAL_Driver/Src/stm32f4xx_hal_spi.o
                0x0000000008008bee                HAL_SPI_TransmitReceive
 .text.SPI_WaitFlagStateUntilTimeout
                0x0000000008008f32       0xd4 Drivers/STM32F4xx_HAL_Driver/Src/stm32f4xx_hal_spi.o
 .text.SPI_EndRxTransaction
                0x0000000008009006       0xca Drivers/STM32F4xx_HAL_Driver/Src/stm32f4xx_hal_spi.o
 .text.SPI_EndRxTxTransaction
                0x00000000080090d0       0x84 Drivers/STM32F4xx_HAL_Driver/Src/stm32f4xx_hal_spi.o
 .text.HAL_TIM_Base_Init
                0x0000000008009154       0x56 Drivers/STM32F4xx_HAL_Driver/Src/stm32f4xx_hal_tim.o
                0x0000000008009154                HAL_TIM_Base_Init
 .text.HAL_TIM_Base_Start_IT
                0x00000000080091aa       0x48 Drivers/STM32F4xx_HAL_Driver/Src/stm32f4xx_hal_tim.o
                0x00000000080091aa                HAL_TIM_Base_Start_IT
 .text.HAL_TIM_IRQHandler
                0x00000000080091f2      0x210 Drivers/STM32F4xx_HAL_Driver/Src/stm32f4xx_hal_tim.o
                0x00000000080091f2                HAL_TIM_IRQHandler
 .text.HAL_TIM_OC_DelayElapsedCallback
                0x0000000008009402       0x14 Drivers/STM32F4xx_HAL_Driver/Src/stm32f4xx_hal_tim.o
                0x0000000008009402                HAL_TIM_OC_DelayElapsedCallback
 .text.HAL_TIM_IC_CaptureCallback
                0x0000000008009416       0x14 Drivers/STM32F4xx_HAL_Driver/Src/stm32f4xx_hal_tim.o
                0x0000000008009416                HAL_TIM_IC_CaptureCallback
 .text.HAL_TIM_PWM_PulseFinishedCallback
                0x000000000800942a       0x14 Drivers/STM32F4xx_HAL_Driver/Src/stm32f4xx_hal_tim.o
                0x000000000800942a                HAL_TIM_PWM_PulseFinishedCallback
 .text.HAL_TIM_TriggerCallback
                0x000000000800943e       0x14 Drivers/STM32F4xx_HAL_Driver/Src/stm32f4xx_hal_tim.o
                0x000000000800943e                HAL_TIM_TriggerCallback
 *fill*         0x0000000008009452        0x2 
 .text.TIM_Base_SetConfig
                0x0000000008009454      0x140 Drivers/STM32F4xx_HAL_Driver/Src/stm32f4xx_hal_tim.o
                0x0000000008009454                TIM_Base_SetConfig
 .text.HAL_TIMEx_CommutCallback
                0x0000000008009594       0x14 Drivers/STM32F4xx_HAL_Driver/Src/stm32f4xx_hal_tim_ex.o
                0x0000000008009594                HAL_TIMEx_CommutCallback
 .text.HAL_TIMEx_BreakCallback
                0x00000000080095a8       0x14 Drivers/STM32F4xx_HAL_Driver/Src/stm32f4xx_hal_tim_ex.o
                0x00000000080095a8                HAL_TIMEx_BreakCallback
 .text.HAL_UART_Init
                0x00000000080095bc       0x9a Drivers/STM32F4xx_HAL_Driver/Src/stm32f4xx_hal_uart.o
                0x00000000080095bc                HAL_UART_Init
 .text.HAL_UART_Transmit
                0x0000000008009656      0x132 Drivers/STM32F4xx_HAL_Driver/Src/stm32f4xx_hal_uart.o
                0x0000000008009656                HAL_UART_Transmit
 .text.HAL_UART_Receive
                0x0000000008009788      0x14c Drivers/STM32F4xx_HAL_Driver/Src/stm32f4xx_hal_uart.o
                0x0000000008009788                HAL_UART_Receive
 .text.UART_WaitOnFlagUntilTimeout
                0x00000000080098d4       0x94 Drivers/STM32F4xx_HAL_Driver/Src/stm32f4xx_hal_uart.o
 .text.UART_SetConfig
                0x0000000008009968      0x6f8 Drivers/STM32F4xx_HAL_Driver/Src/stm32f4xx_hal_uart.o
 .text.USB_CoreInit
                0x000000000800a060       0xc2 Drivers/STM32F4xx_HAL_Driver/Src/stm32f4xx_ll_usb.o
                0x000000000800a060                USB_CoreInit
 .text.USB_EnableGlobalInt
                0x000000000800a122       0x22 Drivers/STM32F4xx_HAL_Driver/Src/stm32f4xx_ll_usb.o
                0x000000000800a122                USB_EnableGlobalInt
 .text.USB_DisableGlobalInt
                0x000000000800a144       0x22 Drivers/STM32F4xx_HAL_Driver/Src/stm32f4xx_ll_usb.o
                0x000000000800a144                USB_DisableGlobalInt
 .text.USB_SetCurrentMode
                0x000000000800a166       0x54 Drivers/STM32F4xx_HAL_Driver/Src/stm32f4xx_ll_usb.o
                0x000000000800a166                USB_SetCurrentMode
 *fill*         0x000000000800a1ba        0x2 
 .text.USB_FlushTxFifo
                0x000000000800a1bc       0x4c Drivers/STM32F4xx_HAL_Driver/Src/stm32f4xx_ll_usb.o
                0x000000000800a1bc                USB_FlushTxFifo
 .text.USB_FlushRxFifo
                0x000000000800a208       0x44 Drivers/STM32F4xx_HAL_Driver/Src/stm32f4xx_ll_usb.o
                0x000000000800a208                USB_FlushRxFifo
 .text.USB_WritePacket
                0x000000000800a24c       0x6a Drivers/STM32F4xx_HAL_Driver/Src/stm32f4xx_ll_usb.o
                0x000000000800a24c                USB_WritePacket
 .text.USB_ReadPacket
                0x000000000800a2b6       0x52 Drivers/STM32F4xx_HAL_Driver/Src/stm32f4xx_ll_usb.o
                0x000000000800a2b6                USB_ReadPacket
 .text.USB_ReadInterrupts
                0x000000000800a308       0x26 Drivers/STM32F4xx_HAL_Driver/Src/stm32f4xx_ll_usb.o
                0x000000000800a308                USB_ReadInterrupts
 .text.USB_GetMode
                0x000000000800a32e       0x1c Drivers/STM32F4xx_HAL_Driver/Src/stm32f4xx_ll_usb.o
                0x000000000800a32e                USB_GetMode
 *fill*         0x000000000800a34a        0x2 
 .text.USB_CoreReset
                0x000000000800a34c       0x68 Drivers/STM32F4xx_HAL_Driver/Src/stm32f4xx_ll_usb.o
 .text.USB_HostInit
                0x000000000800a3b4      0x178 Drivers/STM32F4xx_HAL_Driver/Src/stm32f4xx_ll_usb.o
                0x000000000800a3b4                USB_HostInit
 .text.USB_InitFSLSPClkSel
                0x000000000800a52c       0x74 Drivers/STM32F4xx_HAL_Driver/Src/stm32f4xx_ll_usb.o
                0x000000000800a52c                USB_InitFSLSPClkSel
 .text.USB_ResetPort
                0x000000000800a5a0       0x54 Drivers/STM32F4xx_HAL_Driver/Src/stm32f4xx_ll_usb.o
                0x000000000800a5a0                USB_ResetPort
 .text.USB_DriveVbus
                0x000000000800a5f4       0x72 Drivers/STM32F4xx_HAL_Driver/Src/stm32f4xx_ll_usb.o
                0x000000000800a5f4                USB_DriveVbus
 .text.USB_GetHostSpeed
                0x000000000800a666       0x2e Drivers/STM32F4xx_HAL_Driver/Src/stm32f4xx_ll_usb.o
                0x000000000800a666                USB_GetHostSpeed
 .text.USB_GetCurrentFrame
                0x000000000800a694       0x22 Drivers/STM32F4xx_HAL_Driver/Src/stm32f4xx_ll_usb.o
                0x000000000800a694                USB_GetCurrentFrame
 *fill*         0x000000000800a6b6        0x2 
 .text.USB_HC_Init
                0x000000000800a6b8      0x214 Drivers/STM32F4xx_HAL_Driver/Src/stm32f4xx_ll_usb.o
                0x000000000800a6b8                USB_HC_Init
 .text.USB_HC_StartXfer
                0x000000000800a8cc      0x28c Drivers/STM32F4xx_HAL_Driver/Src/stm32f4xx_ll_usb.o
                0x000000000800a8cc                USB_HC_StartXfer
 .text.USB_HC_ReadInterrupt
                0x000000000800ab58       0x22 Drivers/STM32F4xx_HAL_Driver/Src/stm32f4xx_ll_usb.o
                0x000000000800ab58                USB_HC_ReadInterrupt
 .text.USB_HC_Halt
                0x000000000800ab7a      0x1fe Drivers/STM32F4xx_HAL_Driver/Src/stm32f4xx_ll_usb.o
                0x000000000800ab7a                USB_HC_Halt
 .text.USB_DoPing
                0x000000000800ad78       0x78 Drivers/STM32F4xx_HAL_Driver/Src/stm32f4xx_ll_usb.o
                0x000000000800ad78                USB_DoPing
 .text.USB_StopHost
                0x000000000800adf0      0x10c Drivers/STM32F4xx_HAL_Driver/Src/stm32f4xx_ll_usb.o
                0x000000000800adf0                USB_StopHost
 .text.USBH_CDC_InterfaceInit
                0x000000000800aefc      0x2ac Middlewares/ST/STM32_USB_Host_Library/Class/CDC/Src/usbh_cdc.o
 .text.USBH_CDC_InterfaceDeInit
                0x000000000800b1a8       0xb2 Middlewares/ST/STM32_USB_Host_Library/Class/CDC/Src/usbh_cdc.o
 .text.USBH_CDC_ClassRequest
                0x000000000800b25a       0x3e Middlewares/ST/STM32_USB_Host_Library/Class/CDC/Src/usbh_cdc.o
 .text.USBH_CDC_Process
                0x000000000800b298      0x12c Middlewares/ST/STM32_USB_Host_Library/Class/CDC/Src/usbh_cdc.o
 .text.USBH_CDC_SOFProcess
                0x000000000800b3c4       0x16 Middlewares/ST/STM32_USB_Host_Library/Class/CDC/Src/usbh_cdc.o
 .text.GetLineCoding
                0x000000000800b3da       0x3e Middlewares/ST/STM32_USB_Host_Library/Class/CDC/Src/usbh_cdc.o
 .text.SetLineCoding
                0x000000000800b418       0x3e Middlewares/ST/STM32_USB_Host_Library/Class/CDC/Src/usbh_cdc.o
 .text.CDC_ProcessTransmission
                0x000000000800b456       0xf0 Middlewares/ST/STM32_USB_Host_Library/Class/CDC/Src/usbh_cdc.o
 .text.CDC_ProcessReception
                0x000000000800b546       0xb6 Middlewares/ST/STM32_USB_Host_Library/Class/CDC/Src/usbh_cdc.o
 .text.USBH_CDC_TransmitCallback
                0x000000000800b5fc       0x14 Middlewares/ST/STM32_USB_Host_Library/Class/CDC/Src/usbh_cdc.o
                0x000000000800b5fc                USBH_CDC_TransmitCallback
 .text.USBH_CDC_ReceiveCallback
                0x000000000800b610       0x14 Middlewares/ST/STM32_USB_Host_Library/Class/CDC/Src/usbh_cdc.o
                0x000000000800b610                USBH_CDC_ReceiveCallback
 .text.USBH_CDC_LineCodingChanged
                0x000000000800b624       0x14 Middlewares/ST/STM32_USB_Host_Library/Class/CDC/Src/usbh_cdc.o
                0x000000000800b624                USBH_CDC_LineCodingChanged
 .text.USBH_Init
                0x000000000800b638       0x74 Middlewares/ST/STM32_USB_Host_Library/Core/Src/usbh_core.o
                0x000000000800b638                USBH_Init
 .text.DeInitStateMachine
                0x000000000800b6ac       0xa8 Middlewares/ST/STM32_USB_Host_Library/Core/Src/usbh_core.o
 .text.USBH_RegisterClass
                0x000000000800b754       0x54 Middlewares/ST/STM32_USB_Host_Library/Core/Src/usbh_core.o
                0x000000000800b754                USBH_RegisterClass
 .text.USBH_SelectInterface
                0x000000000800b7a8       0x38 Middlewares/ST/STM32_USB_Host_Library/Core/Src/usbh_core.o
                0x000000000800b7a8                USBH_SelectInterface
 .text.USBH_FindInterface
                0x000000000800b7e0       0x8c Middlewares/ST/STM32_USB_Host_Library/Core/Src/usbh_core.o
                0x000000000800b7e0                USBH_FindInterface
 .text.USBH_Start
                0x000000000800b86c       0x20 Middlewares/ST/STM32_USB_Host_Library/Core/Src/usbh_core.o
                0x000000000800b86c                USBH_Start
 .text.USBH_Process
                0x000000000800b88c      0x3c0 Middlewares/ST/STM32_USB_Host_Library/Core/Src/usbh_core.o
                0x000000000800b88c                USBH_Process
 .text.USBH_HandleEnum
                0x000000000800bc4c      0x3c8 Middlewares/ST/STM32_USB_Host_Library/Core/Src/usbh_core.o
 .text.USBH_LL_SetTimer
                0x000000000800c014       0x1e Middlewares/ST/STM32_USB_Host_Library/Core/Src/usbh_core.o
                0x000000000800c014                USBH_LL_SetTimer
 .text.USBH_LL_IncTimer
                0x000000000800c032       0x24 Middlewares/ST/STM32_USB_Host_Library/Core/Src/usbh_core.o
                0x000000000800c032                USBH_LL_IncTimer
 .text.USBH_HandleSof
                0x000000000800c056       0x30 Middlewares/ST/STM32_USB_Host_Library/Core/Src/usbh_core.o
 .text.USBH_LL_PortEnabled
                0x000000000800c086       0x1c Middlewares/ST/STM32_USB_Host_Library/Core/Src/usbh_core.o
                0x000000000800c086                USBH_LL_PortEnabled
 .text.USBH_LL_PortDisabled
                0x000000000800c0a2       0x1c Middlewares/ST/STM32_USB_Host_Library/Core/Src/usbh_core.o
                0x000000000800c0a2                USBH_LL_PortDisabled
 .text.USBH_LL_Connect
                0x000000000800c0be       0x2e Middlewares/ST/STM32_USB_Host_Library/Core/Src/usbh_core.o
                0x000000000800c0be                USBH_LL_Connect
 .text.USBH_LL_Disconnect
                0x000000000800c0ec       0x48 Middlewares/ST/STM32_USB_Host_Library/Core/Src/usbh_core.o
                0x000000000800c0ec                USBH_LL_Disconnect
 .text.USBH_Get_DevDesc
                0x000000000800c134       0x50 Middlewares/ST/STM32_USB_Host_Library/Core/Src/usbh_ctlreq.o
                0x000000000800c134                USBH_Get_DevDesc
 .text.USBH_Get_CfgDesc
                0x000000000800c184       0x48 Middlewares/ST/STM32_USB_Host_Library/Core/Src/usbh_ctlreq.o
                0x000000000800c184                USBH_Get_CfgDesc
 .text.USBH_Get_StringDesc
                0x000000000800c1cc       0x56 Middlewares/ST/STM32_USB_Host_Library/Core/Src/usbh_ctlreq.o
                0x000000000800c1cc                USBH_Get_StringDesc
 .text.USBH_GetDescriptor
                0x000000000800c222       0x6a Middlewares/ST/STM32_USB_Host_Library/Core/Src/usbh_ctlreq.o
                0x000000000800c222                USBH_GetDescriptor
 .text.USBH_SetAddress
                0x000000000800c28c       0x48 Middlewares/ST/STM32_USB_Host_Library/Core/Src/usbh_ctlreq.o
                0x000000000800c28c                USBH_SetAddress
 .text.USBH_SetCfg
                0x000000000800c2d4       0x46 Middlewares/ST/STM32_USB_Host_Library/Core/Src/usbh_ctlreq.o
                0x000000000800c2d4                USBH_SetCfg
 .text.USBH_SetFeature
                0x000000000800c31a       0x48 Middlewares/ST/STM32_USB_Host_Library/Core/Src/usbh_ctlreq.o
                0x000000000800c31a                USBH_SetFeature
 .text.USBH_ClrFeature
                0x000000000800c362       0x48 Middlewares/ST/STM32_USB_Host_Library/Core/Src/usbh_ctlreq.o
                0x000000000800c362                USBH_ClrFeature
 .text.USBH_ParseDevDesc
                0x000000000800c3aa       0xe0 Middlewares/ST/STM32_USB_Host_Library/Core/Src/usbh_ctlreq.o
 .text.USBH_ParseCfgDesc
                0x000000000800c48a      0x144 Middlewares/ST/STM32_USB_Host_Library/Core/Src/usbh_ctlreq.o
 .text.USBH_ParseInterfaceDesc
                0x000000000800c5ce       0x5e Middlewares/ST/STM32_USB_Host_Library/Core/Src/usbh_ctlreq.o
 .text.USBH_ParseEPDesc
                0x000000000800c62c       0x5a Middlewares/ST/STM32_USB_Host_Library/Core/Src/usbh_ctlreq.o
 .text.USBH_ParseStringDesc
                0x000000000800c686       0x66 Middlewares/ST/STM32_USB_Host_Library/Core/Src/usbh_ctlreq.o
 .text.USBH_GetNextDesc
                0x000000000800c6ec       0x36 Middlewares/ST/STM32_USB_Host_Library/Core/Src/usbh_ctlreq.o
                0x000000000800c6ec                USBH_GetNextDesc
 .text.USBH_CtlReq
                0x000000000800c722       0x7a Middlewares/ST/STM32_USB_Host_Library/Core/Src/usbh_ctlreq.o
                0x000000000800c722                USBH_CtlReq
 .text.USBH_HandleControl
                0x000000000800c79c      0x2ec Middlewares/ST/STM32_USB_Host_Library/Core/Src/usbh_ctlreq.o
 .text.USBH_CtlSendSetup
                0x000000000800ca88       0x34 Middlewares/ST/STM32_USB_Host_Library/Core/Src/usbh_ioreq.o
                0x000000000800ca88                USBH_CtlSendSetup
 .text.USBH_CtlSendData
                0x000000000800cabc       0x4a Middlewares/ST/STM32_USB_Host_Library/Core/Src/usbh_ioreq.o
                0x000000000800cabc                USBH_CtlSendData
 .text.USBH_CtlReceiveData
                0x000000000800cb06       0x3c Middlewares/ST/STM32_USB_Host_Library/Core/Src/usbh_ioreq.o
                0x000000000800cb06                USBH_CtlReceiveData
 .text.USBH_BulkSendData
                0x000000000800cb42       0x4a Middlewares/ST/STM32_USB_Host_Library/Core/Src/usbh_ioreq.o
                0x000000000800cb42                USBH_BulkSendData
 .text.USBH_BulkReceiveData
                0x000000000800cb8c       0x3c Middlewares/ST/STM32_USB_Host_Library/Core/Src/usbh_ioreq.o
                0x000000000800cb8c                USBH_BulkReceiveData
 .text.USBH_OpenPipe
                0x000000000800cbc8       0x3e Middlewares/ST/STM32_USB_Host_Library/Core/Src/usbh_pipes.o
                0x000000000800cbc8                USBH_OpenPipe
 .text.USBH_ClosePipe
                0x000000000800cc06       0x20 Middlewares/ST/STM32_USB_Host_Library/Core/Src/usbh_pipes.o
                0x000000000800cc06                USBH_ClosePipe
 .text.USBH_AllocPipe
                0x000000000800cc26       0x42 Middlewares/ST/STM32_USB_Host_Library/Core/Src/usbh_pipes.o
                0x000000000800cc26                USBH_AllocPipe
 .text.USBH_FreePipe
                0x000000000800cc68       0x3c Middlewares/ST/STM32_USB_Host_Library/Core/Src/usbh_pipes.o
                0x000000000800cc68                USBH_FreePipe
 .text.USBH_GetFreePipe
                0x000000000800cca4       0x48 Middlewares/ST/STM32_USB_Host_Library/Core/Src/usbh_pipes.o
 .text.MX_USB_HOST_Init
                0x000000000800ccec       0x4c USB_HOST/App/usb_host.o
                0x000000000800ccec                MX_USB_HOST_Init
 .text.MX_USB_HOST_Process
                0x000000000800cd38       0x14 USB_HOST/App/usb_host.o
                0x000000000800cd38                MX_USB_HOST_Process
 .text.USBH_UserProcess
                0x000000000800cd4c       0x5c USB_HOST/App/usb_host.o
 .text.HAL_HCD_MspInit
                0x000000000800cda8       0xc4 USB_HOST/Target/usbh_conf.o
                0x000000000800cda8                HAL_HCD_MspInit
 .text.HAL_HCD_SOF_Callback
                0x000000000800ce6c       0x1c USB_HOST/Target/usbh_conf.o
                0x000000000800ce6c                HAL_HCD_SOF_Callback
 .text.HAL_HCD_Connect_Callback
                0x000000000800ce88       0x1c USB_HOST/Target/usbh_conf.o
                0x000000000800ce88                HAL_HCD_Connect_Callback
 .text.HAL_HCD_Disconnect_Callback
                0x000000000800cea4       0x1c USB_HOST/Target/usbh_conf.o
                0x000000000800cea4                HAL_HCD_Disconnect_Callback
 .text.HAL_HCD_HC_NotifyURBChange_Callback
                0x000000000800cec0       0x1c USB_HOST/Target/usbh_conf.o
                0x000000000800cec0                HAL_HCD_HC_NotifyURBChange_Callback
 .text.HAL_HCD_PortEnabled_Callback
                0x000000000800cedc       0x1c USB_HOST/Target/usbh_conf.o
                0x000000000800cedc                HAL_HCD_PortEnabled_Callback
 .text.HAL_HCD_PortDisabled_Callback
                0x000000000800cef8       0x1c USB_HOST/Target/usbh_conf.o
                0x000000000800cef8                HAL_HCD_PortDisabled_Callback
 .text.USBH_LL_Init
                0x000000000800cf14       0x78 USB_HOST/Target/usbh_conf.o
                0x000000000800cf14                USBH_LL_Init
 .text.USBH_LL_Start
                0x000000000800cf8c       0x36 USB_HOST/Target/usbh_conf.o
                0x000000000800cf8c                USBH_LL_Start
 .text.USBH_LL_Stop
                0x000000000800cfc2       0x36 USB_HOST/Target/usbh_conf.o
                0x000000000800cfc2                USBH_LL_Stop
 .text.USBH_LL_GetSpeed
                0x000000000800cff8       0x4a USB_HOST/Target/usbh_conf.o
                0x000000000800cff8                USBH_LL_GetSpeed
 .text.USBH_LL_ResetPort
                0x000000000800d042       0x36 USB_HOST/Target/usbh_conf.o
                0x000000000800d042                USBH_LL_ResetPort
 .text.USBH_LL_GetLastXferSize
                0x000000000800d078       0x26 USB_HOST/Target/usbh_conf.o
                0x000000000800d078                USBH_LL_GetLastXferSize
 .text.USBH_LL_OpenPipe
                0x000000000800d09e       0x5e USB_HOST/Target/usbh_conf.o
                0x000000000800d09e                USBH_LL_OpenPipe
 .text.USBH_LL_ClosePipe
                0x000000000800d0fc       0x3e USB_HOST/Target/usbh_conf.o
                0x000000000800d0fc                USBH_LL_ClosePipe
 .text.USBH_LL_SubmitURB
                0x000000000800d13a       0x62 USB_HOST/Target/usbh_conf.o
                0x000000000800d13a                USBH_LL_SubmitURB
 .text.USBH_LL_GetURBState
                0x000000000800d19c       0x26 USB_HOST/Target/usbh_conf.o
                0x000000000800d19c                USBH_LL_GetURBState
 .text.USBH_LL_DriverVBUS
                0x000000000800d1c2       0x2e USB_HOST/Target/usbh_conf.o
                0x000000000800d1c2                USBH_LL_DriverVBUS
 .text.USBH_LL_SetToggle
                0x000000000800d1f0       0x66 USB_HOST/Target/usbh_conf.o
                0x000000000800d1f0                USBH_LL_SetToggle
 .text.USBH_Delay
                0x000000000800d256       0x16 USB_HOST/Target/usbh_conf.o
                0x000000000800d256                USBH_Delay
 .text.USBH_Get_USB_Status
                0x000000000800d26c       0x58 USB_HOST/Target/usbh_conf.o
                0x000000000800d26c                USBH_Get_USB_Status
 .text.MX_DriverVbusFS
                0x000000000800d2c4       0x38 USB_HOST/Target/usbh_platform.o
                0x000000000800d2c4                MX_DriverVbusFS
 .text.__assert_func
                0x000000000800d2fc       0x3c c:/st/stm32cubeide_1.4.0/stm32cubeide/plugins/com.st.stm32cube.ide.mcu.externaltools.gnu-tools-for-stm32.7-2018-q2-update.win32_1.4.0.202007081208/tools/bin/../lib/gcc/arm-none-eabi/7.3.1/../../../../arm-none-eabi/lib/thumb/v7e-m/fpv4-sp/hard\libc_nano.a(lib_a-assert.o)
                0x000000000800d2fc                __assert_func
 .text.__errno  0x000000000800d338        0xc c:/st/stm32cubeide_1.4.0/stm32cubeide/plugins/com.st.stm32cube.ide.mcu.externaltools.gnu-tools-for-stm32.7-2018-q2-update.win32_1.4.0.202007081208/tools/bin/../lib/gcc/arm-none-eabi/7.3.1/../../../../arm-none-eabi/lib/thumb/v7e-m/fpv4-sp/hard\libc_nano.a(lib_a-errno.o)
                0x000000000800d338                __errno
 .text.fprintf  0x000000000800d344       0x24 c:/st/stm32cubeide_1.4.0/stm32cubeide/plugins/com.st.stm32cube.ide.mcu.externaltools.gnu-tools-for-stm32.7-2018-q2-update.win32_1.4.0.202007081208/tools/bin/../lib/gcc/arm-none-eabi/7.3.1/../../../../arm-none-eabi/lib/thumb/v7e-m/fpv4-sp/hard\libc_nano.a(lib_a-fprintf.o)
                0x000000000800d344                fiprintf
                0x000000000800d344                fprintf
 .text.__libc_init_array
                0x000000000800d368       0x48 c:/st/stm32cubeide_1.4.0/stm32cubeide/plugins/com.st.stm32cube.ide.mcu.externaltools.gnu-tools-for-stm32.7-2018-q2-update.win32_1.4.0.202007081208/tools/bin/../lib/gcc/arm-none-eabi/7.3.1/../../../../arm-none-eabi/lib/thumb/v7e-m/fpv4-sp/hard\libc_nano.a(lib_a-init.o)
                0x000000000800d368                __libc_init_array
 .text.malloc   0x000000000800d3b0       0x10 c:/st/stm32cubeide_1.4.0/stm32cubeide/plugins/com.st.stm32cube.ide.mcu.externaltools.gnu-tools-for-stm32.7-2018-q2-update.win32_1.4.0.202007081208/tools/bin/../lib/gcc/arm-none-eabi/7.3.1/../../../../arm-none-eabi/lib/thumb/v7e-m/fpv4-sp/hard\libc_nano.a(lib_a-malloc.o)
                0x000000000800d3b0                malloc
 .text.free     0x000000000800d3c0       0x10 c:/st/stm32cubeide_1.4.0/stm32cubeide/plugins/com.st.stm32cube.ide.mcu.externaltools.gnu-tools-for-stm32.7-2018-q2-update.win32_1.4.0.202007081208/tools/bin/../lib/gcc/arm-none-eabi/7.3.1/../../../../arm-none-eabi/lib/thumb/v7e-m/fpv4-sp/hard\libc_nano.a(lib_a-malloc.o)
                0x000000000800d3c0                free
 .text.memset   0x000000000800d3d0       0x10 c:/st/stm32cubeide_1.4.0/stm32cubeide/plugins/com.st.stm32cube.ide.mcu.externaltools.gnu-tools-for-stm32.7-2018-q2-update.win32_1.4.0.202007081208/tools/bin/../lib/gcc/arm-none-eabi/7.3.1/../../../../arm-none-eabi/lib/thumb/v7e-m/fpv4-sp/hard\libc_nano.a(lib_a-memset.o)
                0x000000000800d3d0                memset
 .text._free_r  0x000000000800d3e0       0x9c c:/st/stm32cubeide_1.4.0/stm32cubeide/plugins/com.st.stm32cube.ide.mcu.externaltools.gnu-tools-for-stm32.7-2018-q2-update.win32_1.4.0.202007081208/tools/bin/../lib/gcc/arm-none-eabi/7.3.1/../../../../arm-none-eabi/lib/thumb/v7e-m/fpv4-sp/hard\libc_nano.a(lib_a-nano-freer.o)
                0x000000000800d3e0                _free_r
 .text._malloc_r
                0x000000000800d47c       0xb4 c:/st/stm32cubeide_1.4.0/stm32cubeide/plugins/com.st.stm32cube.ide.mcu.externaltools.gnu-tools-for-stm32.7-2018-q2-update.win32_1.4.0.202007081208/tools/bin/../lib/gcc/arm-none-eabi/7.3.1/../../../../arm-none-eabi/lib/thumb/v7e-m/fpv4-sp/hard\libc_nano.a(lib_a-nano-mallocr.o)
                0x000000000800d47c                _malloc_r
 .text.__sfputc_r
                0x000000000800d530       0x2e c:/st/stm32cubeide_1.4.0/stm32cubeide/plugins/com.st.stm32cube.ide.mcu.externaltools.gnu-tools-for-stm32.7-2018-q2-update.win32_1.4.0.202007081208/tools/bin/../lib/gcc/arm-none-eabi/7.3.1/../../../../arm-none-eabi/lib/thumb/v7e-m/fpv4-sp/hard\libc_nano.a(lib_a-nano-vfprintf.o)
 .text.__sfputs_r
                0x000000000800d55e       0x24 c:/st/stm32cubeide_1.4.0/stm32cubeide/plugins/com.st.stm32cube.ide.mcu.externaltools.gnu-tools-for-stm32.7-2018-q2-update.win32_1.4.0.202007081208/tools/bin/../lib/gcc/arm-none-eabi/7.3.1/../../../../arm-none-eabi/lib/thumb/v7e-m/fpv4-sp/hard\libc_nano.a(lib_a-nano-vfprintf.o)
                0x000000000800d55e                __sfputs_r
 *fill*         0x000000000800d582        0x2 
 .text._vfprintf_r
                0x000000000800d584      0x22c c:/st/stm32cubeide_1.4.0/stm32cubeide/plugins/com.st.stm32cube.ide.mcu.externaltools.gnu-tools-for-stm32.7-2018-q2-update.win32_1.4.0.202007081208/tools/bin/../lib/gcc/arm-none-eabi/7.3.1/../../../../arm-none-eabi/lib/thumb/v7e-m/fpv4-sp/hard\libc_nano.a(lib_a-nano-vfprintf.o)
                0x000000000800d584                _vfprintf_r
                0x000000000800d584                _vfiprintf_r
 .text.__cvt    0x000000000800d7b0       0xc2 c:/st/stm32cubeide_1.4.0/stm32cubeide/plugins/com.st.stm32cube.ide.mcu.externaltools.gnu-tools-for-stm32.7-2018-q2-update.win32_1.4.0.202007081208/tools/bin/../lib/gcc/arm-none-eabi/7.3.1/../../../../arm-none-eabi/lib/thumb/v7e-m/fpv4-sp/hard\libc_nano.a(lib_a-nano-vfprintf_float.o)
                0x000000000800d7b0                __cvt
 .text.__exponent
                0x000000000800d872       0x66 c:/st/stm32cubeide_1.4.0/stm32cubeide/plugins/com.st.stm32cube.ide.mcu.externaltools.gnu-tools-for-stm32.7-2018-q2-update.win32_1.4.0.202007081208/tools/bin/../lib/gcc/arm-none-eabi/7.3.1/../../../../arm-none-eabi/lib/thumb/v7e-m/fpv4-sp/hard\libc_nano.a(lib_a-nano-vfprintf_float.o)
                0x000000000800d872                __exponent
 .text._printf_float
                0x000000000800d8d8      0x480 c:/st/stm32cubeide_1.4.0/stm32cubeide/plugins/com.st.stm32cube.ide.mcu.externaltools.gnu-tools-for-stm32.7-2018-q2-update.win32_1.4.0.202007081208/tools/bin/../lib/gcc/arm-none-eabi/7.3.1/../../../../arm-none-eabi/lib/thumb/v7e-m/fpv4-sp/hard\libc_nano.a(lib_a-nano-vfprintf_float.o)
                0x000000000800d8d8                _printf_float
 .text._printf_common
                0x000000000800dd58       0xea c:/st/stm32cubeide_1.4.0/stm32cubeide/plugins/com.st.stm32cube.ide.mcu.externaltools.gnu-tools-for-stm32.7-2018-q2-update.win32_1.4.0.202007081208/tools/bin/../lib/gcc/arm-none-eabi/7.3.1/../../../../arm-none-eabi/lib/thumb/v7e-m/fpv4-sp/hard\libc_nano.a(lib_a-nano-vfprintf_i.o)
                0x000000000800dd58                _printf_common
 *fill*         0x000000000800de42        0x2 
 .text._printf_i
                0x000000000800de44      0x224 c:/st/stm32cubeide_1.4.0/stm32cubeide/plugins/com.st.stm32cube.ide.mcu.externaltools.gnu-tools-for-stm32.7-2018-q2-update.win32_1.4.0.202007081208/tools/bin/../lib/gcc/arm-none-eabi/7.3.1/../../../../arm-none-eabi/lib/thumb/v7e-m/fpv4-sp/hard\libc_nano.a(lib_a-nano-vfprintf_i.o)
                0x000000000800de44                _printf_i
 .text.printf   0x000000000800e068       0x30 c:/st/stm32cubeide_1.4.0/stm32cubeide/plugins/com.st.stm32cube.ide.mcu.externaltools.gnu-tools-for-stm32.7-2018-q2-update.win32_1.4.0.202007081208/tools/bin/../lib/gcc/arm-none-eabi/7.3.1/../../../../arm-none-eabi/lib/thumb/v7e-m/fpv4-sp/hard\libc_nano.a(lib_a-printf.o)
                0x000000000800e068                iprintf
                0x000000000800e068                printf
 .text.putchar  0x000000000800e098       0x28 c:/st/stm32cubeide_1.4.0/stm32cubeide/plugins/com.st.stm32cube.ide.mcu.externaltools.gnu-tools-for-stm32.7-2018-q2-update.win32_1.4.0.202007081208/tools/bin/../lib/gcc/arm-none-eabi/7.3.1/../../../../arm-none-eabi/lib/thumb/v7e-m/fpv4-sp/hard\libc_nano.a(lib_a-putchar.o)
                0x000000000800e098                putchar
 .text._puts_r  0x000000000800e0c0       0xb8 c:/st/stm32cubeide_1.4.0/stm32cubeide/plugins/com.st.stm32cube.ide.mcu.externaltools.gnu-tools-for-stm32.7-2018-q2-update.win32_1.4.0.202007081208/tools/bin/../lib/gcc/arm-none-eabi/7.3.1/../../../../arm-none-eabi/lib/thumb/v7e-m/fpv4-sp/hard\libc_nano.a(lib_a-puts.o)
                0x000000000800e0c0                _puts_r
 .text.puts     0x000000000800e178       0x10 c:/st/stm32cubeide_1.4.0/stm32cubeide/plugins/com.st.stm32cube.ide.mcu.externaltools.gnu-tools-for-stm32.7-2018-q2-update.win32_1.4.0.202007081208/tools/bin/../lib/gcc/arm-none-eabi/7.3.1/../../../../arm-none-eabi/lib/thumb/v7e-m/fpv4-sp/hard\libc_nano.a(lib_a-puts.o)
                0x000000000800e178                puts
 .text._sbrk_r  0x000000000800e188       0x20 c:/st/stm32cubeide_1.4.0/stm32cubeide/plugins/com.st.stm32cube.ide.mcu.externaltools.gnu-tools-for-stm32.7-2018-q2-update.win32_1.4.0.202007081208/tools/bin/../lib/gcc/arm-none-eabi/7.3.1/../../../../arm-none-eabi/lib/thumb/v7e-m/fpv4-sp/hard\libc_nano.a(lib_a-sbrkr.o)
                0x000000000800e188                _sbrk_r
 .text.sprintf  0x000000000800e1a8       0x40 c:/st/stm32cubeide_1.4.0/stm32cubeide/plugins/com.st.stm32cube.ide.mcu.externaltools.gnu-tools-for-stm32.7-2018-q2-update.win32_1.4.0.202007081208/tools/bin/../lib/gcc/arm-none-eabi/7.3.1/../../../../arm-none-eabi/lib/thumb/v7e-m/fpv4-sp/hard\libc_nano.a(lib_a-sprintf.o)
                0x000000000800e1a8                siprintf
                0x000000000800e1a8                sprintf
 .text.strstr   0x000000000800e1e8       0x34 c:/st/stm32cubeide_1.4.0/stm32cubeide/plugins/com.st.stm32cube.ide.mcu.externaltools.gnu-tools-for-stm32.7-2018-q2-update.win32_1.4.0.202007081208/tools/bin/../lib/gcc/arm-none-eabi/7.3.1/../../../../arm-none-eabi/lib/thumb/v7e-m/fpv4-sp/hard\libc_nano.a(lib_a-strstr.o)
                0x000000000800e1e8                strstr
 .text.__swbuf_r
                0x000000000800e21c       0xa4 c:/st/stm32cubeide_1.4.0/stm32cubeide/plugins/com.st.stm32cube.ide.mcu.externaltools.gnu-tools-for-stm32.7-2018-q2-update.win32_1.4.0.202007081208/tools/bin/../lib/gcc/arm-none-eabi/7.3.1/../../../../arm-none-eabi/lib/thumb/v7e-m/fpv4-sp/hard\libc_nano.a(lib_a-wbuf.o)
                0x000000000800e21c                __swbuf_r
 .text.__swsetup_r
                0x000000000800e2c0       0xdc c:/st/stm32cubeide_1.4.0/stm32cubeide/plugins/com.st.stm32cube.ide.mcu.externaltools.gnu-tools-for-stm32.7-2018-q2-update.win32_1.4.0.202007081208/tools/bin/../lib/gcc/arm-none-eabi/7.3.1/../../../../arm-none-eabi/lib/thumb/v7e-m/fpv4-sp/hard\libc_nano.a(lib_a-wsetup.o)
                0x000000000800e2c0                __swsetup_r
 .text.abort    0x000000000800e39c        0xe c:/st/stm32cubeide_1.4.0/stm32cubeide/plugins/com.st.stm32cube.ide.mcu.externaltools.gnu-tools-for-stm32.7-2018-q2-update.win32_1.4.0.202007081208/tools/bin/../lib/gcc/arm-none-eabi/7.3.1/../../../../arm-none-eabi/lib/thumb/v7e-m/fpv4-sp/hard\libc_nano.a(lib_a-abort.o)
                0x000000000800e39c                abort
 .text.quorem   0x000000000800e3aa      0x118 c:/st/stm32cubeide_1.4.0/stm32cubeide/plugins/com.st.stm32cube.ide.mcu.externaltools.gnu-tools-for-stm32.7-2018-q2-update.win32_1.4.0.202007081208/tools/bin/../lib/gcc/arm-none-eabi/7.3.1/../../../../arm-none-eabi/lib/thumb/v7e-m/fpv4-sp/hard\libc_nano.a(lib_a-dtoa.o)
 *fill*         0x000000000800e4c2        0x6 
 .text._dtoa_r  0x000000000800e4c8      0xb70 c:/st/stm32cubeide_1.4.0/stm32cubeide/plugins/com.st.stm32cube.ide.mcu.externaltools.gnu-tools-for-stm32.7-2018-q2-update.win32_1.4.0.202007081208/tools/bin/../lib/gcc/arm-none-eabi/7.3.1/../../../../arm-none-eabi/lib/thumb/v7e-m/fpv4-sp/hard\libc_nano.a(lib_a-dtoa.o)
                0x000000000800e4c8                _dtoa_r
 .text.__sflush_r
                0x000000000800f038      0x10c c:/st/stm32cubeide_1.4.0/stm32cubeide/plugins/com.st.stm32cube.ide.mcu.externaltools.gnu-tools-for-stm32.7-2018-q2-update.win32_1.4.0.202007081208/tools/bin/../lib/gcc/arm-none-eabi/7.3.1/../../../../arm-none-eabi/lib/thumb/v7e-m/fpv4-sp/hard\libc_nano.a(lib_a-fflush.o)
                0x000000000800f038                __sflush_r
 .text._fflush_r
                0x000000000800f144       0x54 c:/st/stm32cubeide_1.4.0/stm32cubeide/plugins/com.st.stm32cube.ide.mcu.externaltools.gnu-tools-for-stm32.7-2018-q2-update.win32_1.4.0.202007081208/tools/bin/../lib/gcc/arm-none-eabi/7.3.1/../../../../arm-none-eabi/lib/thumb/v7e-m/fpv4-sp/hard\libc_nano.a(lib_a-fflush.o)
                0x000000000800f144                _fflush_r
 .text.std      0x000000000800f198       0x48 c:/st/stm32cubeide_1.4.0/stm32cubeide/plugins/com.st.stm32cube.ide.mcu.externaltools.gnu-tools-for-stm32.7-2018-q2-update.win32_1.4.0.202007081208/tools/bin/../lib/gcc/arm-none-eabi/7.3.1/../../../../arm-none-eabi/lib/thumb/v7e-m/fpv4-sp/hard\libc_nano.a(lib_a-findfp.o)
 .text._cleanup_r
                0x000000000800f1e0        0xc c:/st/stm32cubeide_1.4.0/stm32cubeide/plugins/com.st.stm32cube.ide.mcu.externaltools.gnu-tools-for-stm32.7-2018-q2-update.win32_1.4.0.202007081208/tools/bin/../lib/gcc/arm-none-eabi/7.3.1/../../../../arm-none-eabi/lib/thumb/v7e-m/fpv4-sp/hard\libc_nano.a(lib_a-findfp.o)
                0x000000000800f1e0                _cleanup_r
 .text.__sfmoreglue
                0x000000000800f1ec       0x2c c:/st/stm32cubeide_1.4.0/stm32cubeide/plugins/com.st.stm32cube.ide.mcu.externaltools.gnu-tools-for-stm32.7-2018-q2-update.win32_1.4.0.202007081208/tools/bin/../lib/gcc/arm-none-eabi/7.3.1/../../../../arm-none-eabi/lib/thumb/v7e-m/fpv4-sp/hard\libc_nano.a(lib_a-findfp.o)
                0x000000000800f1ec                __sfmoreglue
 .text.__sinit  0x000000000800f218       0x60 c:/st/stm32cubeide_1.4.0/stm32cubeide/plugins/com.st.stm32cube.ide.mcu.externaltools.gnu-tools-for-stm32.7-2018-q2-update.win32_1.4.0.202007081208/tools/bin/../lib/gcc/arm-none-eabi/7.3.1/../../../../arm-none-eabi/lib/thumb/v7e-m/fpv4-sp/hard\libc_nano.a(lib_a-findfp.o)
                0x000000000800f218                __sinit
 .text.__sfp    0x000000000800f278       0x78 c:/st/stm32cubeide_1.4.0/stm32cubeide/plugins/com.st.stm32cube.ide.mcu.externaltools.gnu-tools-for-stm32.7-2018-q2-update.win32_1.4.0.202007081208/tools/bin/../lib/gcc/arm-none-eabi/7.3.1/../../../../arm-none-eabi/lib/thumb/v7e-m/fpv4-sp/hard\libc_nano.a(lib_a-findfp.o)
                0x000000000800f278                __sfp
 .text._fwalk_reent
                0x000000000800f2f0       0x3c c:/st/stm32cubeide_1.4.0/stm32cubeide/plugins/com.st.stm32cube.ide.mcu.externaltools.gnu-tools-for-stm32.7-2018-q2-update.win32_1.4.0.202007081208/tools/bin/../lib/gcc/arm-none-eabi/7.3.1/../../../../arm-none-eabi/lib/thumb/v7e-m/fpv4-sp/hard\libc_nano.a(lib_a-fwalk.o)
                0x000000000800f2f0                _fwalk_reent
 .text._localeconv_r
                0x000000000800f32c       0x1c c:/st/stm32cubeide_1.4.0/stm32cubeide/plugins/com.st.stm32cube.ide.mcu.externaltools.gnu-tools-for-stm32.7-2018-q2-update.win32_1.4.0.202007081208/tools/bin/../lib/gcc/arm-none-eabi/7.3.1/../../../../arm-none-eabi/lib/thumb/v7e-m/fpv4-sp/hard\libc_nano.a(lib_a-localeconv.o)
                0x000000000800f32c                _localeconv_r
 .text.__swhatbuf_r
                0x000000000800f348       0x48 c:/st/stm32cubeide_1.4.0/stm32cubeide/plugins/com.st.stm32cube.ide.mcu.externaltools.gnu-tools-for-stm32.7-2018-q2-update.win32_1.4.0.202007081208/tools/bin/../lib/gcc/arm-none-eabi/7.3.1/../../../../arm-none-eabi/lib/thumb/v7e-m/fpv4-sp/hard\libc_nano.a(lib_a-makebuf.o)
                0x000000000800f348                __swhatbuf_r
 .text.__smakebuf_r
                0x000000000800f390       0x80 c:/st/stm32cubeide_1.4.0/stm32cubeide/plugins/com.st.stm32cube.ide.mcu.externaltools.gnu-tools-for-stm32.7-2018-q2-update.win32_1.4.0.202007081208/tools/bin/../lib/gcc/arm-none-eabi/7.3.1/../../../../arm-none-eabi/lib/thumb/v7e-m/fpv4-sp/hard\libc_nano.a(lib_a-makebuf.o)
                0x000000000800f390                __smakebuf_r
 .text.memcpy   0x000000000800f410       0x16 c:/st/stm32cubeide_1.4.0/stm32cubeide/plugins/com.st.stm32cube.ide.mcu.externaltools.gnu-tools-for-stm32.7-2018-q2-update.win32_1.4.0.202007081208/tools/bin/../lib/gcc/arm-none-eabi/7.3.1/../../../../arm-none-eabi/lib/thumb/v7e-m/fpv4-sp/hard\libc_nano.a(lib_a-memcpy-stub.o)
                0x000000000800f410                memcpy
 .text.memmove  0x000000000800f426       0x32 c:/st/stm32cubeide_1.4.0/stm32cubeide/plugins/com.st.stm32cube.ide.mcu.externaltools.gnu-tools-for-stm32.7-2018-q2-update.win32_1.4.0.202007081208/tools/bin/../lib/gcc/arm-none-eabi/7.3.1/../../../../arm-none-eabi/lib/thumb/v7e-m/fpv4-sp/hard\libc_nano.a(lib_a-memmove.o)
                0x000000000800f426                memmove
 .text.__malloc_lock
                0x000000000800f458        0x2 c:/st/stm32cubeide_1.4.0/stm32cubeide/plugins/com.st.stm32cube.ide.mcu.externaltools.gnu-tools-for-stm32.7-2018-q2-update.win32_1.4.0.202007081208/tools/bin/../lib/gcc/arm-none-eabi/7.3.1/../../../../arm-none-eabi/lib/thumb/v7e-m/fpv4-sp/hard\libc_nano.a(lib_a-mlock.o)
                0x000000000800f458                __malloc_lock
 .text.__malloc_unlock
                0x000000000800f45a        0x2 c:/st/stm32cubeide_1.4.0/stm32cubeide/plugins/com.st.stm32cube.ide.mcu.externaltools.gnu-tools-for-stm32.7-2018-q2-update.win32_1.4.0.202007081208/tools/bin/../lib/gcc/arm-none-eabi/7.3.1/../../../../arm-none-eabi/lib/thumb/v7e-m/fpv4-sp/hard\libc_nano.a(lib_a-mlock.o)
                0x000000000800f45a                __malloc_unlock
 .text._Balloc  0x000000000800f45c       0x68 c:/st/stm32cubeide_1.4.0/stm32cubeide/plugins/com.st.stm32cube.ide.mcu.externaltools.gnu-tools-for-stm32.7-2018-q2-update.win32_1.4.0.202007081208/tools/bin/../lib/gcc/arm-none-eabi/7.3.1/../../../../arm-none-eabi/lib/thumb/v7e-m/fpv4-sp/hard\libc_nano.a(lib_a-mprec.o)
                0x000000000800f45c                _Balloc
 .text._Bfree   0x000000000800f4c4       0x2e c:/st/stm32cubeide_1.4.0/stm32cubeide/plugins/com.st.stm32cube.ide.mcu.externaltools.gnu-tools-for-stm32.7-2018-q2-update.win32_1.4.0.202007081208/tools/bin/../lib/gcc/arm-none-eabi/7.3.1/../../../../arm-none-eabi/lib/thumb/v7e-m/fpv4-sp/hard\libc_nano.a(lib_a-mprec.o)
                0x000000000800f4c4                _Bfree
 .text.__multadd
                0x000000000800f4f2       0x76 c:/st/stm32cubeide_1.4.0/stm32cubeide/plugins/com.st.stm32cube.ide.mcu.externaltools.gnu-tools-for-stm32.7-2018-q2-update.win32_1.4.0.202007081208/tools/bin/../lib/gcc/arm-none-eabi/7.3.1/../../../../arm-none-eabi/lib/thumb/v7e-m/fpv4-sp/hard\libc_nano.a(lib_a-mprec.o)
                0x000000000800f4f2                __multadd
 .text.__hi0bits
                0x000000000800f568       0x3e c:/st/stm32cubeide_1.4.0/stm32cubeide/plugins/com.st.stm32cube.ide.mcu.externaltools.gnu-tools-for-stm32.7-2018-q2-update.win32_1.4.0.202007081208/tools/bin/../lib/gcc/arm-none-eabi/7.3.1/../../../../arm-none-eabi/lib/thumb/v7e-m/fpv4-sp/hard\libc_nano.a(lib_a-mprec.o)
                0x000000000800f568                __hi0bits
 .text.__lo0bits
                0x000000000800f5a6       0x5e c:/st/stm32cubeide_1.4.0/stm32cubeide/plugins/com.st.stm32cube.ide.mcu.externaltools.gnu-tools-for-stm32.7-2018-q2-update.win32_1.4.0.202007081208/tools/bin/../lib/gcc/arm-none-eabi/7.3.1/../../../../arm-none-eabi/lib/thumb/v7e-m/fpv4-sp/hard\libc_nano.a(lib_a-mprec.o)
                0x000000000800f5a6                __lo0bits
 .text.__i2b    0x000000000800f604       0x12 c:/st/stm32cubeide_1.4.0/stm32cubeide/plugins/com.st.stm32cube.ide.mcu.externaltools.gnu-tools-for-stm32.7-2018-q2-update.win32_1.4.0.202007081208/tools/bin/../lib/gcc/arm-none-eabi/7.3.1/../../../../arm-none-eabi/lib/thumb/v7e-m/fpv4-sp/hard\libc_nano.a(lib_a-mprec.o)
                0x000000000800f604                __i2b
 .text.__multiply
                0x000000000800f616      0x12c c:/st/stm32cubeide_1.4.0/stm32cubeide/plugins/com.st.stm32cube.ide.mcu.externaltools.gnu-tools-for-stm32.7-2018-q2-update.win32_1.4.0.202007081208/tools/bin/../lib/gcc/arm-none-eabi/7.3.1/../../../../arm-none-eabi/lib/thumb/v7e-m/fpv4-sp/hard\libc_nano.a(lib_a-mprec.o)
                0x000000000800f616                __multiply